-- Found ament_cmake: 1.3.12 (/opt/ros/humble/share/ament_cmake/cmake)
-- Override CMake install command with custom implementation using symlinks instead of copying resources
-- Found rosidl_default_generators: 1.2.0 (/opt/ros/humble/share/rosidl_default_generators/cmake)
-- Using all available rosidl_typesupport_c: rosidl_typesupport_fastrtps_c;rosidl_typesupport_introspection_c
-- Found rosidl_adapter: 3.1.7 (/opt/ros/humble/share/rosidl_adapter/cmake)
-- Using all available rosidl_typesupport_cpp: rosidl_typesupport_fastrtps_cpp;rosidl_typesupport_introspection_cpp
-- Found ament_cmake_ros: 0.10.0 (/opt/ros/humble/share/ament_cmake_ros/cmake)
-- Using all available rosidl_typesupport_c: rosidl_typesupport_fastrtps_c;rosidl_typesupport_introspection_c
-- Using all available rosidl_typesupport_cpp: rosidl_typesupport_fastrtps_cpp;rosidl_typesupport_introspection_cpp
-- Found PythonInterp: /usr/bin/python3 (found suitable version "3.10.12", minimum required is "3.6") 
-- Found python_cmake_module: 0.10.0 (/opt/ros/humble/share/python_cmake_module/cmake)
-- Found PythonLibs: /usr/lib/x86_64-linux-gnu/libpython3.10.so (found suitable version "3.10.12", minimum required is "3.5") 
-- Using PYTHON_EXECUTABLE: /usr/bin/python3
-- Using PYTHON_INCLUDE_DIRS: /usr/include/python3.10
-- Using PYTHON_LIBRARIES: /usr/lib/x86_64-linux-gnu/libpython3.10.so
-- Found PythonExtra: .so  
-- Found ament_lint_auto: 0.12.14 (/opt/ros/humble/share/ament_lint_auto/cmake)
-- Added test 'lint_cmake' to check CMake code style
-- Added test 'xmllint' to check XML markup files
-- Configuring done
-- Generating done
-- Build files have been written to: /home/capybariana/workspace/ros2_ws/src/build/cleaning_robot_msgs
[  3%] [34m[1mGenerating C code for ROS interfaces[0m
[  6%] [34m[1mGenerating C++ code for ROS interfaces[0m
[  6%] Built target ament_cmake_python_symlink_cleaning_robot_msgs
running egg_info
creating cleaning_robot_msgs.egg-info
writing cleaning_robot_msgs.egg-info/PKG-INFO
writing dependency_links to cleaning_robot_msgs.egg-info/dependency_links.txt
writing top-level names to cleaning_robot_msgs.egg-info/top_level.txt
writing manifest file 'cleaning_robot_msgs.egg-info/SOURCES.txt'
reading manifest file 'cleaning_robot_msgs.egg-info/SOURCES.txt'
writing manifest file 'cleaning_robot_msgs.egg-info/SOURCES.txt'
[  6%] Built target ament_cmake_python_build_cleaning_robot_msgs_egg
[  9%] [32mBuilding C object CMakeFiles/cleaning_robot_msgs__rosidl_generator_c.dir/rosidl_generator_c/cleaning_robot_msgs/action/detail/cleaning_task__functions.c.o[0m
[  9%] Built target cleaning_robot_msgs__cpp
[ 16%] [34m[1mGenerating C++ introspection for ROS interfaces[0m
[ 16%] [34m[1mGenerating C++ type support dispatch for ROS interfaces[0m
[ 19%] [34m[1mGenerating C++ type support for eProsima Fast-RTPS[0m
[ 22%] [32m[1mLinking C shared library libcleaning_robot_msgs__rosidl_generator_c.so[0m
[ 22%] Built target cleaning_robot_msgs__rosidl_generator_c
[ 29%] [34m[1mGenerating C introspection for ROS interfaces[0m
[ 29%] [34m[1mGenerating C type support for eProsima Fast-RTPS[0m
[ 32%] [34m[1mGenerating C type support dispatch for ROS interfaces[0m
[ 35%] [32mBuilding CXX object CMakeFiles/cleaning_robot_msgs__rosidl_typesupport_cpp.dir/rosidl_typesupport_cpp/cleaning_robot_msgs/action/cleaning_task__type_support.cpp.o[0m
[ 38%] [32mBuilding CXX object CMakeFiles/cleaning_robot_msgs__rosidl_typesupport_introspection_cpp.dir/rosidl_typesupport_introspection_cpp/cleaning_robot_msgs/action/detail/cleaning_task__type_support.cpp.o[0m
[ 41%] [32mBuilding CXX object CMakeFiles/cleaning_robot_msgs__rosidl_typesupport_fastrtps_cpp.dir/rosidl_typesupport_fastrtps_cpp/cleaning_robot_msgs/action/detail/dds_fastrtps/cleaning_task__type_support.cpp.o[0m
[ 45%] [32mBuilding CXX object CMakeFiles/cleaning_robot_msgs__rosidl_typesupport_c.dir/rosidl_typesupport_c/cleaning_robot_msgs/action/cleaning_task__type_support.cpp.o[0m
[ 48%] [32m[1mLinking CXX shared library libcleaning_robot_msgs__rosidl_typesupport_c.so[0m
[ 51%] [32mBuilding C object CMakeFiles/cleaning_robot_msgs__rosidl_typesupport_introspection_c.dir/rosidl_typesupport_introspection_c/cleaning_robot_msgs/action/detail/cleaning_task__type_support.c.o[0m
[ 54%] [32mBuilding CXX object CMakeFiles/cleaning_robot_msgs__rosidl_typesupport_fastrtps_c.dir/rosidl_typesupport_fastrtps_c/cleaning_robot_msgs/action/detail/cleaning_task__type_support_c.cpp.o[0m
[ 58%] [32m[1mLinking C shared library libcleaning_robot_msgs__rosidl_typesupport_introspection_c.so[0m
[ 58%] Built target cleaning_robot_msgs__rosidl_typesupport_c
[ 58%] Built target cleaning_robot_msgs__rosidl_typesupport_introspection_c
[ 61%] [32m[1mLinking CXX shared library libcleaning_robot_msgs__rosidl_typesupport_cpp.so[0m
[ 64%] [32m[1mLinking CXX shared library libcleaning_robot_msgs__rosidl_typesupport_fastrtps_cpp.so[0m
[ 64%] Built target cleaning_robot_msgs__rosidl_typesupport_cpp
[ 67%] [32m[1mLinking CXX shared library libcleaning_robot_msgs__rosidl_typesupport_introspection_cpp.so[0m
[ 67%] Built target cleaning_robot_msgs__rosidl_typesupport_introspection_cpp
[ 67%] Built target cleaning_robot_msgs__rosidl_typesupport_fastrtps_cpp
[ 70%] [32m[1mLinking CXX shared library libcleaning_robot_msgs__rosidl_typesupport_fastrtps_c.so[0m
[ 70%] Built target cleaning_robot_msgs__rosidl_typesupport_fastrtps_c
[ 70%] Built target cleaning_robot_msgs
[ 74%] [34m[1mGenerating Python code for ROS interfaces[0m
[ 74%] Built target cleaning_robot_msgs__py
[ 77%] [32mBuilding C object CMakeFiles/cleaning_robot_msgs__rosidl_generator_py.dir/rosidl_generator_py/cleaning_robot_msgs/action/_cleaning_task_s.c.o[0m
[ 80%] [32m[1mLinking C shared library rosidl_generator_py/cleaning_robot_msgs/libcleaning_robot_msgs__rosidl_generator_py.so[0m
[ 80%] Built target cleaning_robot_msgs__rosidl_generator_py
[ 83%] [32mBuilding C object CMakeFiles/cleaning_robot_msgs__rosidl_typesupport_introspection_c__pyext.dir/rosidl_generator_py/cleaning_robot_msgs/_cleaning_robot_msgs_s.ep.rosidl_typesupport_introspection_c.c.o[0m
[ 87%] [32mBuilding C object CMakeFiles/cleaning_robot_msgs__rosidl_typesupport_c__pyext.dir/rosidl_generator_py/cleaning_robot_msgs/_cleaning_robot_msgs_s.ep.rosidl_typesupport_c.c.o[0m
[ 90%] [32mBuilding C object CMakeFiles/cleaning_robot_msgs__rosidl_typesupport_fastrtps_c__pyext.dir/rosidl_generator_py/cleaning_robot_msgs/_cleaning_robot_msgs_s.ep.rosidl_typesupport_fastrtps_c.c.o[0m
[ 93%] [32m[1mLinking C shared library rosidl_generator_py/cleaning_robot_msgs/cleaning_robot_msgs_s__rosidl_typesupport_c.cpython-310-x86_64-linux-gnu.so[0m
[ 96%] [32m[1mLinking C shared library rosidl_generator_py/cleaning_robot_msgs/cleaning_robot_msgs_s__rosidl_typesupport_fastrtps_c.cpython-310-x86_64-linux-gnu.so[0m
[100%] [32m[1mLinking C shared library rosidl_generator_py/cleaning_robot_msgs/cleaning_robot_msgs_s__rosidl_typesupport_introspection_c.cpython-310-x86_64-linux-gnu.so[0m
[100%] Built target cleaning_robot_msgs__rosidl_typesupport_fastrtps_c__pyext
[100%] Built target cleaning_robot_msgs__rosidl_typesupport_c__pyext
[100%] Built target cleaning_robot_msgs__rosidl_typesupport_introspection_c__pyext
-- Install configuration: ""
-- Execute custom install script
-- Symlinking: /home/capybariana/workspace/ros2_ws/src/install/cleaning_robot_msgs/share/ament_index/resource_index/rosidl_interfaces/cleaning_robot_msgs
-- Symlinking: /home/capybariana/workspace/ros2_ws/src/install/cleaning_robot_msgs/include/cleaning_robot_msgs/cleaning_robot_msgs/action/cleaning_task.h
-- Symlinking: /home/capybariana/workspace/ros2_ws/src/install/cleaning_robot_msgs/include/cleaning_robot_msgs/cleaning_robot_msgs/action/detail/cleaning_task__functions.h
-- Symlinking: /home/capybariana/workspace/ros2_ws/src/install/cleaning_robot_msgs/include/cleaning_robot_msgs/cleaning_robot_msgs/action/detail/cleaning_task__struct.h
-- Symlinking: /home/capybariana/workspace/ros2_ws/src/install/cleaning_robot_msgs/include/cleaning_robot_msgs/cleaning_robot_msgs/action/detail/cleaning_task__type_support.h
-- Symlinking: /home/capybariana/workspace/ros2_ws/src/install/cleaning_robot_msgs/include/cleaning_robot_msgs/cleaning_robot_msgs/msg/rosidl_generator_c__visibility_control.h
-- Symlinking: /home/capybariana/workspace/ros2_ws/src/install/cleaning_robot_msgs/share/cleaning_robot_msgs/environment/library_path.sh
-- Symlinking: /home/capybariana/workspace/ros2_ws/src/install/cleaning_robot_msgs/share/cleaning_robot_msgs/environment/library_path.dsv
-- Symlinking: /home/capybariana/workspace/ros2_ws/src/install/cleaning_robot_msgs/include/cleaning_robot_msgs/cleaning_robot_msgs/action/detail/cleaning_task__rosidl_typesupport_fastrtps_c.h
-- Symlinking: /home/capybariana/workspace/ros2_ws/src/install/cleaning_robot_msgs/include/cleaning_robot_msgs/cleaning_robot_msgs/msg/rosidl_typesupport_fastrtps_c__visibility_control.h
-- Symlinking: /home/capybariana/workspace/ros2_ws/src/install/cleaning_robot_msgs/include/cleaning_robot_msgs/cleaning_robot_msgs/action/detail/cleaning_task__rosidl_typesupport_introspection_c.h
-- Symlinking: /home/capybariana/workspace/ros2_ws/src/install/cleaning_robot_msgs/include/cleaning_robot_msgs/cleaning_robot_msgs/msg/rosidl_typesupport_introspection_c__visibility_control.h
-- Symlinking: /home/capybariana/workspace/ros2_ws/src/install/cleaning_robot_msgs/include/cleaning_robot_msgs/cleaning_robot_msgs/action/cleaning_task.hpp
-- Symlinking: /home/capybariana/workspace/ros2_ws/src/install/cleaning_robot_msgs/include/cleaning_robot_msgs/cleaning_robot_msgs/action/detail/cleaning_task__builder.hpp
-- Symlinking: /home/capybariana/workspace/ros2_ws/src/install/cleaning_robot_msgs/include/cleaning_robot_msgs/cleaning_robot_msgs/action/detail/cleaning_task__struct.hpp
-- Symlinking: /home/capybariana/workspace/ros2_ws/src/install/cleaning_robot_msgs/include/cleaning_robot_msgs/cleaning_robot_msgs/action/detail/cleaning_task__traits.hpp
-- Symlinking: /home/capybariana/workspace/ros2_ws/src/install/cleaning_robot_msgs/include/cleaning_robot_msgs/cleaning_robot_msgs/action/detail/cleaning_task__type_support.hpp
-- Symlinking: /home/capybariana/workspace/ros2_ws/src/install/cleaning_robot_msgs/include/cleaning_robot_msgs/cleaning_robot_msgs/msg/rosidl_generator_cpp__visibility_control.hpp
-- Symlinking: /home/capybariana/workspace/ros2_ws/src/install/cleaning_robot_msgs/include/cleaning_robot_msgs/cleaning_robot_msgs/action/detail/cleaning_task__rosidl_typesupport_fastrtps_cpp.hpp
-- Symlinking: /home/capybariana/workspace/ros2_ws/src/install/cleaning_robot_msgs/include/cleaning_robot_msgs/cleaning_robot_msgs/msg/rosidl_typesupport_fastrtps_cpp__visibility_control.h
-- Symlinking: /home/capybariana/workspace/ros2_ws/src/install/cleaning_robot_msgs/include/cleaning_robot_msgs/cleaning_robot_msgs/action/detail/cleaning_task__rosidl_typesupport_introspection_cpp.hpp
-- Symlinking: /home/capybariana/workspace/ros2_ws/src/install/cleaning_robot_msgs/share/cleaning_robot_msgs/environment/pythonpath.sh
-- Symlinking: /home/capybariana/workspace/ros2_ws/src/install/cleaning_robot_msgs/share/cleaning_robot_msgs/environment/pythonpath.dsv
-- Symlinking: /home/capybariana/workspace/ros2_ws/src/install/cleaning_robot_msgs/local/lib/python3.10/dist-packages/cleaning_robot_msgs-0.0.0-py3.10.egg-info/PKG-INFO
-- Symlinking: /home/capybariana/workspace/ros2_ws/src/install/cleaning_robot_msgs/local/lib/python3.10/dist-packages/cleaning_robot_msgs-0.0.0-py3.10.egg-info/SOURCES.txt
-- Symlinking: /home/capybariana/workspace/ros2_ws/src/install/cleaning_robot_msgs/local/lib/python3.10/dist-packages/cleaning_robot_msgs-0.0.0-py3.10.egg-info/dependency_links.txt
-- Symlinking: /home/capybariana/workspace/ros2_ws/src/install/cleaning_robot_msgs/local/lib/python3.10/dist-packages/cleaning_robot_msgs-0.0.0-py3.10.egg-info/top_level.txt
-- Symlinking: /home/capybariana/workspace/ros2_ws/src/install/cleaning_robot_msgs/local/lib/python3.10/dist-packages/cleaning_robot_msgs/__init__.py
-- Symlinking: /home/capybariana/workspace/ros2_ws/src/install/cleaning_robot_msgs/local/lib/python3.10/dist-packages/cleaning_robot_msgs/_cleaning_robot_msgs_s.ep.rosidl_typesupport_c.c
-- Symlinking: /home/capybariana/workspace/ros2_ws/src/install/cleaning_robot_msgs/local/lib/python3.10/dist-packages/cleaning_robot_msgs/_cleaning_robot_msgs_s.ep.rosidl_typesupport_fastrtps_c.c
-- Symlinking: /home/capybariana/workspace/ros2_ws/src/install/cleaning_robot_msgs/local/lib/python3.10/dist-packages/cleaning_robot_msgs/_cleaning_robot_msgs_s.ep.rosidl_typesupport_introspection_c.c
-- Symlinking: /home/capybariana/workspace/ros2_ws/src/install/cleaning_robot_msgs/local/lib/python3.10/dist-packages/cleaning_robot_msgs/action/__init__.py
-- Symlinking: /home/capybariana/workspace/ros2_ws/src/install/cleaning_robot_msgs/local/lib/python3.10/dist-packages/cleaning_robot_msgs/action/_cleaning_task.py
-- Symlinking: /home/capybariana/workspace/ros2_ws/src/install/cleaning_robot_msgs/local/lib/python3.10/dist-packages/cleaning_robot_msgs/action/_cleaning_task_s.c
-- Symlinking: /home/capybariana/workspace/ros2_ws/src/install/cleaning_robot_msgs/local/lib/python3.10/dist-packages/cleaning_robot_msgs/cleaning_robot_msgs_s__rosidl_typesupport_c.cpython-310-x86_64-linux-gnu.so
-- Symlinking: /home/capybariana/workspace/ros2_ws/src/install/cleaning_robot_msgs/local/lib/python3.10/dist-packages/cleaning_robot_msgs/cleaning_robot_msgs_s__rosidl_typesupport_fastrtps_c.cpython-310-x86_64-linux-gnu.so
-- Symlinking: /home/capybariana/workspace/ros2_ws/src/install/cleaning_robot_msgs/local/lib/python3.10/dist-packages/cleaning_robot_msgs/cleaning_robot_msgs_s__rosidl_typesupport_introspection_c.cpython-310-x86_64-linux-gnu.so
-- Symlinking: /home/capybariana/workspace/ros2_ws/src/install/cleaning_robot_msgs/local/lib/python3.10/dist-packages/cleaning_robot_msgs/libcleaning_robot_msgs__rosidl_generator_py.so
-- Up-to-date symlink: /home/capybariana/workspace/ros2_ws/src/install/cleaning_robot_msgs/local/lib/python3.10/dist-packages/cleaning_robot_msgs/cleaning_robot_msgs_s__rosidl_typesupport_fastrtps_c.cpython-310-x86_64-linux-gnu.so
-- Up-to-date symlink: /home/capybariana/workspace/ros2_ws/src/install/cleaning_robot_msgs/local/lib/python3.10/dist-packages/cleaning_robot_msgs/cleaning_robot_msgs_s__rosidl_typesupport_introspection_c.cpython-310-x86_64-linux-gnu.so
-- Up-to-date symlink: /home/capybariana/workspace/ros2_ws/src/install/cleaning_robot_msgs/local/lib/python3.10/dist-packages/cleaning_robot_msgs/cleaning_robot_msgs_s__rosidl_typesupport_c.cpython-310-x86_64-linux-gnu.so
-- Symlinking: /home/capybariana/workspace/ros2_ws/src/install/cleaning_robot_msgs/share/cleaning_robot_msgs/action/CleaningTask.idl
-- Symlinking: /home/capybariana/workspace/ros2_ws/src/install/cleaning_robot_msgs/share/cleaning_robot_msgs/action/CleaningTask.action
-- Symlinking: /home/capybariana/workspace/ros2_ws/src/install/cleaning_robot_msgs/share/ament_index/resource_index/package_run_dependencies/cleaning_robot_msgs
-- Symlinking: /home/capybariana/workspace/ros2_ws/src/install/cleaning_robot_msgs/share/ament_index/resource_index/parent_prefix_path/cleaning_robot_msgs
-- Symlinking: /home/capybariana/workspace/ros2_ws/src/install/cleaning_robot_msgs/share/cleaning_robot_msgs/environment/ament_prefix_path.sh
-- Symlinking: /home/capybariana/workspace/ros2_ws/src/install/cleaning_robot_msgs/share/cleaning_robot_msgs/environment/ament_prefix_path.dsv
-- Symlinking: /home/capybariana/workspace/ros2_ws/src/install/cleaning_robot_msgs/share/cleaning_robot_msgs/environment/path.sh
-- Symlinking: /home/capybariana/workspace/ros2_ws/src/install/cleaning_robot_msgs/share/cleaning_robot_msgs/environment/path.dsv
-- Symlinking: /home/capybariana/workspace/ros2_ws/src/install/cleaning_robot_msgs/share/cleaning_robot_msgs/local_setup.bash
-- Symlinking: /home/capybariana/workspace/ros2_ws/src/install/cleaning_robot_msgs/share/cleaning_robot_msgs/local_setup.sh
-- Symlinking: /home/capybariana/workspace/ros2_ws/src/install/cleaning_robot_msgs/share/cleaning_robot_msgs/local_setup.zsh
-- Symlinking: /home/capybariana/workspace/ros2_ws/src/install/cleaning_robot_msgs/share/cleaning_robot_msgs/local_setup.dsv
-- Symlinking: /home/capybariana/workspace/ros2_ws/src/install/cleaning_robot_msgs/share/cleaning_robot_msgs/package.dsv
-- Symlinking: /home/capybariana/workspace/ros2_ws/src/install/cleaning_robot_msgs/share/ament_index/resource_index/packages/cleaning_robot_msgs
-- Symlinking: /home/capybariana/workspace/ros2_ws/src/install/cleaning_robot_msgs/share/cleaning_robot_msgs/cmake/rosidl_cmake-extras.cmake
-- Symlinking: /home/capybariana/workspace/ros2_ws/src/install/cleaning_robot_msgs/share/cleaning_robot_msgs/cmake/ament_cmake_export_dependencies-extras.cmake
-- Symlinking: /home/capybariana/workspace/ros2_ws/src/install/cleaning_robot_msgs/share/cleaning_robot_msgs/cmake/ament_cmake_export_include_directories-extras.cmake
-- Symlinking: /home/capybariana/workspace/ros2_ws/src/install/cleaning_robot_msgs/share/cleaning_robot_msgs/cmake/ament_cmake_export_libraries-extras.cmake
-- Symlinking: /home/capybariana/workspace/ros2_ws/src/install/cleaning_robot_msgs/share/cleaning_robot_msgs/cmake/ament_cmake_export_targets-extras.cmake
-- Symlinking: /home/capybariana/workspace/ros2_ws/src/install/cleaning_robot_msgs/share/cleaning_robot_msgs/cmake/rosidl_cmake_export_typesupport_targets-extras.cmake
-- Symlinking: /home/capybariana/workspace/ros2_ws/src/install/cleaning_robot_msgs/share/cleaning_robot_msgs/cmake/rosidl_cmake_export_typesupport_libraries-extras.cmake
-- Symlinking: /home/capybariana/workspace/ros2_ws/src/install/cleaning_robot_msgs/share/cleaning_robot_msgs/cmake/cleaning_robot_msgsConfig.cmake
-- Symlinking: /home/capybariana/workspace/ros2_ws/src/install/cleaning_robot_msgs/share/cleaning_robot_msgs/cmake/cleaning_robot_msgsConfig-version.cmake
-- Symlinking: /home/capybariana/workspace/ros2_ws/src/install/cleaning_robot_msgs/share/cleaning_robot_msgs/package.xml
-- Installing: /home/capybariana/workspace/ros2_ws/src/install/cleaning_robot_msgs/lib/libcleaning_robot_msgs__rosidl_generator_c.so
-- Set runtime path of "/home/capybariana/workspace/ros2_ws/src/install/cleaning_robot_msgs/lib/libcleaning_robot_msgs__rosidl_generator_c.so" to ""
-- Installing: /home/capybariana/workspace/ros2_ws/src/install/cleaning_robot_msgs/lib/libcleaning_robot_msgs__rosidl_typesupport_fastrtps_c.so
-- Set runtime path of "/home/capybariana/workspace/ros2_ws/src/install/cleaning_robot_msgs/lib/libcleaning_robot_msgs__rosidl_typesupport_fastrtps_c.so" to ""
-- Installing: /home/capybariana/workspace/ros2_ws/src/install/cleaning_robot_msgs/lib/libcleaning_robot_msgs__rosidl_typesupport_introspection_c.so
-- Set runtime path of "/home/capybariana/workspace/ros2_ws/src/install/cleaning_robot_msgs/lib/libcleaning_robot_msgs__rosidl_typesupport_introspection_c.so" to ""
-- Installing: /home/capybariana/workspace/ros2_ws/src/install/cleaning_robot_msgs/lib/libcleaning_robot_msgs__rosidl_typesupport_c.so
-- Set runtime path of "/home/capybariana/workspace/ros2_ws/src/install/cleaning_robot_msgs/lib/libcleaning_robot_msgs__rosidl_typesupport_c.so" to ""
-- Installing: /home/capybariana/workspace/ros2_ws/src/install/cleaning_robot_msgs/lib/libcleaning_robot_msgs__rosidl_typesupport_fastrtps_cpp.so
-- Set runtime path of "/home/capybariana/workspace/ros2_ws/src/install/cleaning_robot_msgs/lib/libcleaning_robot_msgs__rosidl_typesupport_fastrtps_cpp.so" to ""
-- Installing: /home/capybariana/workspace/ros2_ws/src/install/cleaning_robot_msgs/lib/libcleaning_robot_msgs__rosidl_typesupport_introspection_cpp.so
-- Set runtime path of "/home/capybariana/workspace/ros2_ws/src/install/cleaning_robot_msgs/lib/libcleaning_robot_msgs__rosidl_typesupport_introspection_cpp.so" to ""
-- Installing: /home/capybariana/workspace/ros2_ws/src/install/cleaning_robot_msgs/lib/libcleaning_robot_msgs__rosidl_typesupport_cpp.so
-- Set runtime path of "/home/capybariana/workspace/ros2_ws/src/install/cleaning_robot_msgs/lib/libcleaning_robot_msgs__rosidl_typesupport_cpp.so" to ""
Listing '/home/capybariana/workspace/ros2_ws/src/install/cleaning_robot_msgs/local/lib/python3.10/dist-packages/cleaning_robot_msgs'...
Compiling '/home/capybariana/workspace/ros2_ws/src/install/cleaning_robot_msgs/local/lib/python3.10/dist-packages/cleaning_robot_msgs/__init__.py'...
Listing '/home/capybariana/workspace/ros2_ws/src/install/cleaning_robot_msgs/local/lib/python3.10/dist-packages/cleaning_robot_msgs/action'...
Compiling '/home/capybariana/workspace/ros2_ws/src/install/cleaning_robot_msgs/local/lib/python3.10/dist-packages/cleaning_robot_msgs/action/__init__.py'...
Compiling '/home/capybariana/workspace/ros2_ws/src/install/cleaning_robot_msgs/local/lib/python3.10/dist-packages/cleaning_robot_msgs/action/_cleaning_task.py'...
-- Installing: /home/capybariana/workspace/ros2_ws/src/install/cleaning_robot_msgs/lib/libcleaning_robot_msgs__rosidl_generator_py.so
-- Set runtime path of "/home/capybariana/workspace/ros2_ws/src/install/cleaning_robot_msgs/lib/libcleaning_robot_msgs__rosidl_generator_py.so" to ""
-- Installing: /home/capybariana/workspace/ros2_ws/src/install/cleaning_robot_msgs/share/cleaning_robot_msgs/cmake/export_cleaning_robot_msgs__rosidl_generator_cExport.cmake
-- Installing: /home/capybariana/workspace/ros2_ws/src/install/cleaning_robot_msgs/share/cleaning_robot_msgs/cmake/export_cleaning_robot_msgs__rosidl_generator_cExport-noconfig.cmake
-- Installing: /home/capybariana/workspace/ros2_ws/src/install/cleaning_robot_msgs/share/cleaning_robot_msgs/cmake/export_cleaning_robot_msgs__rosidl_typesupport_fastrtps_cExport.cmake
-- Installing: /home/capybariana/workspace/ros2_ws/src/install/cleaning_robot_msgs/share/cleaning_robot_msgs/cmake/export_cleaning_robot_msgs__rosidl_typesupport_fastrtps_cExport-noconfig.cmake
-- Installing: /home/capybariana/workspace/ros2_ws/src/install/cleaning_robot_msgs/share/cleaning_robot_msgs/cmake/cleaning_robot_msgs__rosidl_typesupport_introspection_cExport.cmake
-- Installing: /home/capybariana/workspace/ros2_ws/src/install/cleaning_robot_msgs/share/cleaning_robot_msgs/cmake/cleaning_robot_msgs__rosidl_typesupport_introspection_cExport-noconfig.cmake
-- Installing: /home/capybariana/workspace/ros2_ws/src/install/cleaning_robot_msgs/share/cleaning_robot_msgs/cmake/cleaning_robot_msgs__rosidl_typesupport_cExport.cmake
-- Installing: /home/capybariana/workspace/ros2_ws/src/install/cleaning_robot_msgs/share/cleaning_robot_msgs/cmake/cleaning_robot_msgs__rosidl_typesupport_cExport-noconfig.cmake
-- Installing: /home/capybariana/workspace/ros2_ws/src/install/cleaning_robot_msgs/share/cleaning_robot_msgs/cmake/export_cleaning_robot_msgs__rosidl_generator_cppExport.cmake
-- Installing: /home/capybariana/workspace/ros2_ws/src/install/cleaning_robot_msgs/share/cleaning_robot_msgs/cmake/export_cleaning_robot_msgs__rosidl_typesupport_fastrtps_cppExport.cmake
-- Installing: /home/capybariana/workspace/ros2_ws/src/install/cleaning_robot_msgs/share/cleaning_robot_msgs/cmake/export_cleaning_robot_msgs__rosidl_typesupport_fastrtps_cppExport-noconfig.cmake
-- Installing: /home/capybariana/workspace/ros2_ws/src/install/cleaning_robot_msgs/share/cleaning_robot_msgs/cmake/cleaning_robot_msgs__rosidl_typesupport_introspection_cppExport.cmake
-- Installing: /home/capybariana/workspace/ros2_ws/src/install/cleaning_robot_msgs/share/cleaning_robot_msgs/cmake/cleaning_robot_msgs__rosidl_typesupport_introspection_cppExport-noconfig.cmake
-- Installing: /home/capybariana/workspace/ros2_ws/src/install/cleaning_robot_msgs/share/cleaning_robot_msgs/cmake/cleaning_robot_msgs__rosidl_typesupport_cppExport.cmake
-- Installing: /home/capybariana/workspace/ros2_ws/src/install/cleaning_robot_msgs/share/cleaning_robot_msgs/cmake/cleaning_robot_msgs__rosidl_typesupport_cppExport-noconfig.cmake
-- Installing: /home/capybariana/workspace/ros2_ws/src/install/cleaning_robot_msgs/share/cleaning_robot_msgs/cmake/export_cleaning_robot_msgs__rosidl_generator_pyExport.cmake
-- Installing: /home/capybariana/workspace/ros2_ws/src/install/cleaning_robot_msgs/share/cleaning_robot_msgs/cmake/export_cleaning_robot_msgs__rosidl_generator_pyExport-noconfig.cmake
