[0.019s] Invoking command in '/home/capybariana/workspace/ros2_ws/src/build/cleaning_robot_msgs': CMAKE_PREFIX_PATH=/opt/ros/humble /usr/bin/cmake /home/capybariana/workspace/ros2_ws/src/cleaning_robot_msgs -DAMENT_CMAKE_SYMLINK_INSTALL=1 -DCMAKE_INSTALL_PREFIX=/home/capybariana/workspace/ros2_ws/src/install/cleaning_robot_msgs
[0.051s] -- Found ament_cmake: 1.3.12 (/opt/ros/humble/share/ament_cmake/cmake)
[0.258s] -- Override CMake install command with custom implementation using symlinks instead of copying resources
[0.311s] -- Found rosidl_default_generators: 1.2.0 (/opt/ros/humble/share/rosidl_default_generators/cmake)
[0.320s] -- Using all available rosidl_typesupport_c: rosidl_typesupport_fastrtps_c;rosidl_typesupport_introspection_c
[0.335s] -- Found rosidl_adapter: 3.1.7 (/opt/ros/humble/share/rosidl_adapter/cmake)
[0.690s] -- Using all available rosidl_typesupport_cpp: rosidl_typesupport_fastrtps_cpp;rosidl_typesupport_introspection_cpp
[1.177s] -- Found ament_cmake_ros: 0.10.0 (/opt/ros/humble/share/ament_cmake_ros/cmake)
[1.433s] -- Using all available rosidl_typesupport_c: rosidl_typesupport_fastrtps_c;rosidl_typesupport_introspection_c
[1.734s] -- Using all available rosidl_typesupport_cpp: rosidl_typesupport_fastrtps_cpp;rosidl_typesupport_introspection_cpp
[3.314s] -- Found PythonInterp: /usr/bin/python3 (found suitable version "3.10.12", minimum required is "3.6") 
[3.357s] -- Found python_cmake_module: 0.10.0 (/opt/ros/humble/share/python_cmake_module/cmake)
[3.803s] -- Found PythonLibs: /usr/lib/x86_64-linux-gnu/libpython3.10.so (found suitable version "3.10.12", minimum required is "3.5") 
[3.804s] -- Using PYTHON_EXECUTABLE: /usr/bin/python3
[3.804s] -- Using PYTHON_INCLUDE_DIRS: /usr/include/python3.10
[3.804s] -- Using PYTHON_LIBRARIES: /usr/lib/x86_64-linux-gnu/libpython3.10.so
[3.836s] -- Found PythonExtra: .so  
[4.036s] -- Found ament_lint_auto: 0.12.14 (/opt/ros/humble/share/ament_lint_auto/cmake)
[4.093s] -- Added test 'lint_cmake' to check CMake code style
[4.097s] -- Added test 'xmllint' to check XML markup files
[4.102s] -- Configuring done
[4.160s] -- Generating done
[4.176s] -- Build files have been written to: /home/capybariana/workspace/ros2_ws/src/build/cleaning_robot_msgs
[4.185s] Invoked command in '/home/capybariana/workspace/ros2_ws/src/build/cleaning_robot_msgs' returned '0': CMAKE_PREFIX_PATH=/opt/ros/humble /usr/bin/cmake /home/capybariana/workspace/ros2_ws/src/cleaning_robot_msgs -DAMENT_CMAKE_SYMLINK_INSTALL=1 -DCMAKE_INSTALL_PREFIX=/home/capybariana/workspace/ros2_ws/src/install/cleaning_robot_msgs
[4.188s] Invoking command in '/home/capybariana/workspace/ros2_ws/src/build/cleaning_robot_msgs': CMAKE_PREFIX_PATH=/opt/ros/humble /usr/bin/cmake --build /home/capybariana/workspace/ros2_ws/src/build/cleaning_robot_msgs -- -j16 -l16
[4.223s] [  3%] [34m[1mGenerating C code for ROS interfaces[0m
[4.241s] [  6%] [34m[1mGenerating C++ code for ROS interfaces[0m
[4.243s] [  6%] Built target ament_cmake_python_symlink_cleaning_robot_msgs
[4.505s] running egg_info
[4.523s] creating cleaning_robot_msgs.egg-info
[4.523s] writing cleaning_robot_msgs.egg-info/PKG-INFO
[4.524s] writing dependency_links to cleaning_robot_msgs.egg-info/dependency_links.txt
[4.524s] writing top-level names to cleaning_robot_msgs.egg-info/top_level.txt
[4.525s] writing manifest file 'cleaning_robot_msgs.egg-info/SOURCES.txt'
[4.580s] reading manifest file 'cleaning_robot_msgs.egg-info/SOURCES.txt'
[4.581s] writing manifest file 'cleaning_robot_msgs.egg-info/SOURCES.txt'
[4.616s] [  6%] Built target ament_cmake_python_build_cleaning_robot_msgs_egg
[4.834s] [  9%] [32mBuilding C object CMakeFiles/cleaning_robot_msgs__rosidl_generator_c.dir/rosidl_generator_c/cleaning_robot_msgs/action/detail/cleaning_task__functions.c.o[0m
[4.834s] [  9%] Built target cleaning_robot_msgs__cpp
[4.845s] [ 16%] [34m[1mGenerating C++ introspection for ROS interfaces[0m
[4.845s] [ 16%] [34m[1mGenerating C++ type support dispatch for ROS interfaces[0m
[4.845s] [ 19%] [34m[1mGenerating C++ type support for eProsima Fast-RTPS[0m
[5.135s] [ 22%] [32m[1mLinking C shared library libcleaning_robot_msgs__rosidl_generator_c.so[0m
[5.536s] [ 22%] Built target cleaning_robot_msgs__rosidl_generator_c
[5.572s] [ 29%] [34m[1mGenerating C introspection for ROS interfaces[0m
[5.572s] [ 29%] [34m[1mGenerating C type support for eProsima Fast-RTPS[0m
[5.574s] [ 32%] [34m[1mGenerating C type support dispatch for ROS interfaces[0m
[5.739s] [ 35%] [32mBuilding CXX object CMakeFiles/cleaning_robot_msgs__rosidl_typesupport_cpp.dir/rosidl_typesupport_cpp/cleaning_robot_msgs/action/cleaning_task__type_support.cpp.o[0m
[6.096s] [ 38%] [32mBuilding CXX object CMakeFiles/cleaning_robot_msgs__rosidl_typesupport_introspection_cpp.dir/rosidl_typesupport_introspection_cpp/cleaning_robot_msgs/action/detail/cleaning_task__type_support.cpp.o[0m
[6.607s] [ 41%] [32mBuilding CXX object CMakeFiles/cleaning_robot_msgs__rosidl_typesupport_fastrtps_cpp.dir/rosidl_typesupport_fastrtps_cpp/cleaning_robot_msgs/action/detail/dds_fastrtps/cleaning_task__type_support.cpp.o[0m
[9.054s] [ 45%] [32mBuilding CXX object CMakeFiles/cleaning_robot_msgs__rosidl_typesupport_c.dir/rosidl_typesupport_c/cleaning_robot_msgs/action/cleaning_task__type_support.cpp.o[0m
[9.548s] [ 48%] [32m[1mLinking CXX shared library libcleaning_robot_msgs__rosidl_typesupport_c.so[0m
[9.687s] [ 51%] [32mBuilding C object CMakeFiles/cleaning_robot_msgs__rosidl_typesupport_introspection_c.dir/rosidl_typesupport_introspection_c/cleaning_robot_msgs/action/detail/cleaning_task__type_support.c.o[0m
[10.112s] [ 54%] [32mBuilding CXX object CMakeFiles/cleaning_robot_msgs__rosidl_typesupport_fastrtps_c.dir/rosidl_typesupport_fastrtps_c/cleaning_robot_msgs/action/detail/cleaning_task__type_support_c.cpp.o[0m
[10.185s] [ 58%] [32m[1mLinking C shared library libcleaning_robot_msgs__rosidl_typesupport_introspection_c.so[0m
[10.779s] [ 58%] Built target cleaning_robot_msgs__rosidl_typesupport_c
[10.918s] [ 58%] Built target cleaning_robot_msgs__rosidl_typesupport_introspection_c
[11.103s] [ 61%] [32m[1mLinking CXX shared library libcleaning_robot_msgs__rosidl_typesupport_cpp.so[0m
[11.835s] [ 64%] [32m[1mLinking CXX shared library libcleaning_robot_msgs__rosidl_typesupport_fastrtps_cpp.so[0m
[11.854s] [ 64%] Built target cleaning_robot_msgs__rosidl_typesupport_cpp
[11.880s] [ 67%] [32m[1mLinking CXX shared library libcleaning_robot_msgs__rosidl_typesupport_introspection_cpp.so[0m
[12.436s] [ 67%] Built target cleaning_robot_msgs__rosidl_typesupport_introspection_cpp
[12.455s] [ 67%] Built target cleaning_robot_msgs__rosidl_typesupport_fastrtps_cpp
[12.525s] [ 70%] [32m[1mLinking CXX shared library libcleaning_robot_msgs__rosidl_typesupport_fastrtps_c.so[0m
[13.094s] [ 70%] Built target cleaning_robot_msgs__rosidl_typesupport_fastrtps_c
[13.168s] [ 70%] Built target cleaning_robot_msgs
[13.232s] [ 74%] [34m[1mGenerating Python code for ROS interfaces[0m
[16.137s] [ 74%] Built target cleaning_robot_msgs__py
[16.195s] [ 77%] [32mBuilding C object CMakeFiles/cleaning_robot_msgs__rosidl_generator_py.dir/rosidl_generator_py/cleaning_robot_msgs/action/_cleaning_task_s.c.o[0m
[16.734s] [ 80%] [32m[1mLinking C shared library rosidl_generator_py/cleaning_robot_msgs/libcleaning_robot_msgs__rosidl_generator_py.so[0m
[17.114s] [ 80%] Built target cleaning_robot_msgs__rosidl_generator_py
[17.160s] [ 83%] [32mBuilding C object CMakeFiles/cleaning_robot_msgs__rosidl_typesupport_introspection_c__pyext.dir/rosidl_generator_py/cleaning_robot_msgs/_cleaning_robot_msgs_s.ep.rosidl_typesupport_introspection_c.c.o[0m
[17.162s] [ 87%] [32mBuilding C object CMakeFiles/cleaning_robot_msgs__rosidl_typesupport_c__pyext.dir/rosidl_generator_py/cleaning_robot_msgs/_cleaning_robot_msgs_s.ep.rosidl_typesupport_c.c.o[0m
[17.174s] [ 90%] [32mBuilding C object CMakeFiles/cleaning_robot_msgs__rosidl_typesupport_fastrtps_c__pyext.dir/rosidl_generator_py/cleaning_robot_msgs/_cleaning_robot_msgs_s.ep.rosidl_typesupport_fastrtps_c.c.o[0m
[17.562s] [ 93%] [32m[1mLinking C shared library rosidl_generator_py/cleaning_robot_msgs/cleaning_robot_msgs_s__rosidl_typesupport_c.cpython-310-x86_64-linux-gnu.so[0m
[17.571s] [ 96%] [32m[1mLinking C shared library rosidl_generator_py/cleaning_robot_msgs/cleaning_robot_msgs_s__rosidl_typesupport_fastrtps_c.cpython-310-x86_64-linux-gnu.so[0m
[17.572s] [100%] [32m[1mLinking C shared library rosidl_generator_py/cleaning_robot_msgs/cleaning_robot_msgs_s__rosidl_typesupport_introspection_c.cpython-310-x86_64-linux-gnu.so[0m
[17.870s] [100%] Built target cleaning_robot_msgs__rosidl_typesupport_fastrtps_c__pyext
[17.882s] [100%] Built target cleaning_robot_msgs__rosidl_typesupport_c__pyext
[17.882s] [100%] Built target cleaning_robot_msgs__rosidl_typesupport_introspection_c__pyext
[17.915s] Invoked command in '/home/capybariana/workspace/ros2_ws/src/build/cleaning_robot_msgs' returned '0': CMAKE_PREFIX_PATH=/opt/ros/humble /usr/bin/cmake --build /home/capybariana/workspace/ros2_ws/src/build/cleaning_robot_msgs -- -j16 -l16
[17.950s] Invoking command in '/home/capybariana/workspace/ros2_ws/src/build/cleaning_robot_msgs': CMAKE_PREFIX_PATH=/opt/ros/humble /usr/bin/cmake --install /home/capybariana/workspace/ros2_ws/src/build/cleaning_robot_msgs
[17.970s] -- Install configuration: ""
[17.973s] -- Execute custom install script
[17.975s] -- Symlinking: /home/capybariana/workspace/ros2_ws/src/install/cleaning_robot_msgs/share/ament_index/resource_index/rosidl_interfaces/cleaning_robot_msgs
[18.004s] -- Symlinking: /home/capybariana/workspace/ros2_ws/src/install/cleaning_robot_msgs/include/cleaning_robot_msgs/cleaning_robot_msgs/action/cleaning_task.h
[18.031s] -- Symlinking: /home/capybariana/workspace/ros2_ws/src/install/cleaning_robot_msgs/include/cleaning_robot_msgs/cleaning_robot_msgs/action/detail/cleaning_task__functions.h
[18.050s] -- Symlinking: /home/capybariana/workspace/ros2_ws/src/install/cleaning_robot_msgs/include/cleaning_robot_msgs/cleaning_robot_msgs/action/detail/cleaning_task__struct.h
[18.069s] -- Symlinking: /home/capybariana/workspace/ros2_ws/src/install/cleaning_robot_msgs/include/cleaning_robot_msgs/cleaning_robot_msgs/action/detail/cleaning_task__type_support.h
[18.091s] -- Symlinking: /home/capybariana/workspace/ros2_ws/src/install/cleaning_robot_msgs/include/cleaning_robot_msgs/cleaning_robot_msgs/msg/rosidl_generator_c__visibility_control.h
[18.112s] -- Symlinking: /home/capybariana/workspace/ros2_ws/src/install/cleaning_robot_msgs/share/cleaning_robot_msgs/environment/library_path.sh
[18.142s] -- Symlinking: /home/capybariana/workspace/ros2_ws/src/install/cleaning_robot_msgs/share/cleaning_robot_msgs/environment/library_path.dsv
[18.169s] -- Symlinking: /home/capybariana/workspace/ros2_ws/src/install/cleaning_robot_msgs/include/cleaning_robot_msgs/cleaning_robot_msgs/action/detail/cleaning_task__rosidl_typesupport_fastrtps_c.h
[18.194s] -- Symlinking: /home/capybariana/workspace/ros2_ws/src/install/cleaning_robot_msgs/include/cleaning_robot_msgs/cleaning_robot_msgs/msg/rosidl_typesupport_fastrtps_c__visibility_control.h
[18.214s] -- Symlinking: /home/capybariana/workspace/ros2_ws/src/install/cleaning_robot_msgs/include/cleaning_robot_msgs/cleaning_robot_msgs/action/detail/cleaning_task__rosidl_typesupport_introspection_c.h
[18.235s] -- Symlinking: /home/capybariana/workspace/ros2_ws/src/install/cleaning_robot_msgs/include/cleaning_robot_msgs/cleaning_robot_msgs/msg/rosidl_typesupport_introspection_c__visibility_control.h
[18.253s] -- Symlinking: /home/capybariana/workspace/ros2_ws/src/install/cleaning_robot_msgs/include/cleaning_robot_msgs/cleaning_robot_msgs/action/cleaning_task.hpp
[18.272s] -- Symlinking: /home/capybariana/workspace/ros2_ws/src/install/cleaning_robot_msgs/include/cleaning_robot_msgs/cleaning_robot_msgs/action/detail/cleaning_task__builder.hpp
[18.290s] -- Symlinking: /home/capybariana/workspace/ros2_ws/src/install/cleaning_robot_msgs/include/cleaning_robot_msgs/cleaning_robot_msgs/action/detail/cleaning_task__struct.hpp
[18.316s] -- Symlinking: /home/capybariana/workspace/ros2_ws/src/install/cleaning_robot_msgs/include/cleaning_robot_msgs/cleaning_robot_msgs/action/detail/cleaning_task__traits.hpp
[18.350s] -- Symlinking: /home/capybariana/workspace/ros2_ws/src/install/cleaning_robot_msgs/include/cleaning_robot_msgs/cleaning_robot_msgs/action/detail/cleaning_task__type_support.hpp
[18.367s] -- Symlinking: /home/capybariana/workspace/ros2_ws/src/install/cleaning_robot_msgs/include/cleaning_robot_msgs/cleaning_robot_msgs/msg/rosidl_generator_cpp__visibility_control.hpp
[18.387s] -- Symlinking: /home/capybariana/workspace/ros2_ws/src/install/cleaning_robot_msgs/include/cleaning_robot_msgs/cleaning_robot_msgs/action/detail/cleaning_task__rosidl_typesupport_fastrtps_cpp.hpp
[18.407s] -- Symlinking: /home/capybariana/workspace/ros2_ws/src/install/cleaning_robot_msgs/include/cleaning_robot_msgs/cleaning_robot_msgs/msg/rosidl_typesupport_fastrtps_cpp__visibility_control.h
[18.485s] -- Symlinking: /home/capybariana/workspace/ros2_ws/src/install/cleaning_robot_msgs/include/cleaning_robot_msgs/cleaning_robot_msgs/action/detail/cleaning_task__rosidl_typesupport_introspection_cpp.hpp
[18.508s] -- Symlinking: /home/capybariana/workspace/ros2_ws/src/install/cleaning_robot_msgs/share/cleaning_robot_msgs/environment/pythonpath.sh
[18.531s] -- Symlinking: /home/capybariana/workspace/ros2_ws/src/install/cleaning_robot_msgs/share/cleaning_robot_msgs/environment/pythonpath.dsv
[18.561s] -- Symlinking: /home/capybariana/workspace/ros2_ws/src/install/cleaning_robot_msgs/local/lib/python3.10/dist-packages/cleaning_robot_msgs-0.0.0-py3.10.egg-info/PKG-INFO
[18.580s] -- Symlinking: /home/capybariana/workspace/ros2_ws/src/install/cleaning_robot_msgs/local/lib/python3.10/dist-packages/cleaning_robot_msgs-0.0.0-py3.10.egg-info/SOURCES.txt
[18.599s] -- Symlinking: /home/capybariana/workspace/ros2_ws/src/install/cleaning_robot_msgs/local/lib/python3.10/dist-packages/cleaning_robot_msgs-0.0.0-py3.10.egg-info/dependency_links.txt
[18.623s] -- Symlinking: /home/capybariana/workspace/ros2_ws/src/install/cleaning_robot_msgs/local/lib/python3.10/dist-packages/cleaning_robot_msgs-0.0.0-py3.10.egg-info/top_level.txt
[18.657s] -- Symlinking: /home/capybariana/workspace/ros2_ws/src/install/cleaning_robot_msgs/local/lib/python3.10/dist-packages/cleaning_robot_msgs/__init__.py
[18.685s] -- Symlinking: /home/capybariana/workspace/ros2_ws/src/install/cleaning_robot_msgs/local/lib/python3.10/dist-packages/cleaning_robot_msgs/_cleaning_robot_msgs_s.ep.rosidl_typesupport_c.c
[18.718s] -- Symlinking: /home/capybariana/workspace/ros2_ws/src/install/cleaning_robot_msgs/local/lib/python3.10/dist-packages/cleaning_robot_msgs/_cleaning_robot_msgs_s.ep.rosidl_typesupport_fastrtps_c.c
[18.746s] -- Symlinking: /home/capybariana/workspace/ros2_ws/src/install/cleaning_robot_msgs/local/lib/python3.10/dist-packages/cleaning_robot_msgs/_cleaning_robot_msgs_s.ep.rosidl_typesupport_introspection_c.c
[18.788s] -- Symlinking: /home/capybariana/workspace/ros2_ws/src/install/cleaning_robot_msgs/local/lib/python3.10/dist-packages/cleaning_robot_msgs/action/__init__.py
[18.812s] -- Symlinking: /home/capybariana/workspace/ros2_ws/src/install/cleaning_robot_msgs/local/lib/python3.10/dist-packages/cleaning_robot_msgs/action/_cleaning_task.py
[18.839s] -- Symlinking: /home/capybariana/workspace/ros2_ws/src/install/cleaning_robot_msgs/local/lib/python3.10/dist-packages/cleaning_robot_msgs/action/_cleaning_task_s.c
[18.885s] -- Symlinking: /home/capybariana/workspace/ros2_ws/src/install/cleaning_robot_msgs/local/lib/python3.10/dist-packages/cleaning_robot_msgs/cleaning_robot_msgs_s__rosidl_typesupport_c.cpython-310-x86_64-linux-gnu.so
[18.924s] -- Symlinking: /home/capybariana/workspace/ros2_ws/src/install/cleaning_robot_msgs/local/lib/python3.10/dist-packages/cleaning_robot_msgs/cleaning_robot_msgs_s__rosidl_typesupport_fastrtps_c.cpython-310-x86_64-linux-gnu.so
[18.964s] -- Symlinking: /home/capybariana/workspace/ros2_ws/src/install/cleaning_robot_msgs/local/lib/python3.10/dist-packages/cleaning_robot_msgs/cleaning_robot_msgs_s__rosidl_typesupport_introspection_c.cpython-310-x86_64-linux-gnu.so
[19.026s] -- Symlinking: /home/capybariana/workspace/ros2_ws/src/install/cleaning_robot_msgs/local/lib/python3.10/dist-packages/cleaning_robot_msgs/libcleaning_robot_msgs__rosidl_generator_py.so
[19.118s] -- Up-to-date symlink: /home/capybariana/workspace/ros2_ws/src/install/cleaning_robot_msgs/local/lib/python3.10/dist-packages/cleaning_robot_msgs/cleaning_robot_msgs_s__rosidl_typesupport_fastrtps_c.cpython-310-x86_64-linux-gnu.so
[19.120s] -- Up-to-date symlink: /home/capybariana/workspace/ros2_ws/src/install/cleaning_robot_msgs/local/lib/python3.10/dist-packages/cleaning_robot_msgs/cleaning_robot_msgs_s__rosidl_typesupport_introspection_c.cpython-310-x86_64-linux-gnu.so
[19.122s] -- Up-to-date symlink: /home/capybariana/workspace/ros2_ws/src/install/cleaning_robot_msgs/local/lib/python3.10/dist-packages/cleaning_robot_msgs/cleaning_robot_msgs_s__rosidl_typesupport_c.cpython-310-x86_64-linux-gnu.so
[19.125s] -- Symlinking: /home/capybariana/workspace/ros2_ws/src/install/cleaning_robot_msgs/share/cleaning_robot_msgs/action/CleaningTask.idl
[19.181s] -- Symlinking: /home/capybariana/workspace/ros2_ws/src/install/cleaning_robot_msgs/share/cleaning_robot_msgs/action/CleaningTask.action
[19.229s] -- Symlinking: /home/capybariana/workspace/ros2_ws/src/install/cleaning_robot_msgs/share/ament_index/resource_index/package_run_dependencies/cleaning_robot_msgs
[19.275s] -- Symlinking: /home/capybariana/workspace/ros2_ws/src/install/cleaning_robot_msgs/share/ament_index/resource_index/parent_prefix_path/cleaning_robot_msgs
[19.315s] -- Symlinking: /home/capybariana/workspace/ros2_ws/src/install/cleaning_robot_msgs/share/cleaning_robot_msgs/environment/ament_prefix_path.sh
[19.354s] -- Symlinking: /home/capybariana/workspace/ros2_ws/src/install/cleaning_robot_msgs/share/cleaning_robot_msgs/environment/ament_prefix_path.dsv
[19.388s] -- Symlinking: /home/capybariana/workspace/ros2_ws/src/install/cleaning_robot_msgs/share/cleaning_robot_msgs/environment/path.sh
[19.420s] -- Symlinking: /home/capybariana/workspace/ros2_ws/src/install/cleaning_robot_msgs/share/cleaning_robot_msgs/environment/path.dsv
[19.458s] -- Symlinking: /home/capybariana/workspace/ros2_ws/src/install/cleaning_robot_msgs/share/cleaning_robot_msgs/local_setup.bash
[19.491s] -- Symlinking: /home/capybariana/workspace/ros2_ws/src/install/cleaning_robot_msgs/share/cleaning_robot_msgs/local_setup.sh
[19.520s] -- Symlinking: /home/capybariana/workspace/ros2_ws/src/install/cleaning_robot_msgs/share/cleaning_robot_msgs/local_setup.zsh
[19.549s] -- Symlinking: /home/capybariana/workspace/ros2_ws/src/install/cleaning_robot_msgs/share/cleaning_robot_msgs/local_setup.dsv
[19.584s] -- Symlinking: /home/capybariana/workspace/ros2_ws/src/install/cleaning_robot_msgs/share/cleaning_robot_msgs/package.dsv
[19.671s] -- Symlinking: /home/capybariana/workspace/ros2_ws/src/install/cleaning_robot_msgs/share/ament_index/resource_index/packages/cleaning_robot_msgs
[19.700s] -- Symlinking: /home/capybariana/workspace/ros2_ws/src/install/cleaning_robot_msgs/share/cleaning_robot_msgs/cmake/rosidl_cmake-extras.cmake
[19.729s] -- Symlinking: /home/capybariana/workspace/ros2_ws/src/install/cleaning_robot_msgs/share/cleaning_robot_msgs/cmake/ament_cmake_export_dependencies-extras.cmake
[19.775s] -- Symlinking: /home/capybariana/workspace/ros2_ws/src/install/cleaning_robot_msgs/share/cleaning_robot_msgs/cmake/ament_cmake_export_include_directories-extras.cmake
[19.806s] -- Symlinking: /home/capybariana/workspace/ros2_ws/src/install/cleaning_robot_msgs/share/cleaning_robot_msgs/cmake/ament_cmake_export_libraries-extras.cmake
[19.841s] -- Symlinking: /home/capybariana/workspace/ros2_ws/src/install/cleaning_robot_msgs/share/cleaning_robot_msgs/cmake/ament_cmake_export_targets-extras.cmake
[19.868s] -- Symlinking: /home/capybariana/workspace/ros2_ws/src/install/cleaning_robot_msgs/share/cleaning_robot_msgs/cmake/rosidl_cmake_export_typesupport_targets-extras.cmake
[19.892s] -- Symlinking: /home/capybariana/workspace/ros2_ws/src/install/cleaning_robot_msgs/share/cleaning_robot_msgs/cmake/rosidl_cmake_export_typesupport_libraries-extras.cmake
[19.913s] -- Symlinking: /home/capybariana/workspace/ros2_ws/src/install/cleaning_robot_msgs/share/cleaning_robot_msgs/cmake/cleaning_robot_msgsConfig.cmake
[19.938s] -- Symlinking: /home/capybariana/workspace/ros2_ws/src/install/cleaning_robot_msgs/share/cleaning_robot_msgs/cmake/cleaning_robot_msgsConfig-version.cmake
[19.971s] -- Symlinking: /home/capybariana/workspace/ros2_ws/src/install/cleaning_robot_msgs/share/cleaning_robot_msgs/package.xml
[19.993s] -- Installing: /home/capybariana/workspace/ros2_ws/src/install/cleaning_robot_msgs/lib/libcleaning_robot_msgs__rosidl_generator_c.so
[19.995s] -- Set runtime path of "/home/capybariana/workspace/ros2_ws/src/install/cleaning_robot_msgs/lib/libcleaning_robot_msgs__rosidl_generator_c.so" to ""
[19.996s] -- Installing: /home/capybariana/workspace/ros2_ws/src/install/cleaning_robot_msgs/lib/libcleaning_robot_msgs__rosidl_typesupport_fastrtps_c.so
[19.997s] -- Set runtime path of "/home/capybariana/workspace/ros2_ws/src/install/cleaning_robot_msgs/lib/libcleaning_robot_msgs__rosidl_typesupport_fastrtps_c.so" to ""
[19.998s] -- Installing: /home/capybariana/workspace/ros2_ws/src/install/cleaning_robot_msgs/lib/libcleaning_robot_msgs__rosidl_typesupport_introspection_c.so
[19.998s] -- Set runtime path of "/home/capybariana/workspace/ros2_ws/src/install/cleaning_robot_msgs/lib/libcleaning_robot_msgs__rosidl_typesupport_introspection_c.so" to ""
[19.998s] -- Installing: /home/capybariana/workspace/ros2_ws/src/install/cleaning_robot_msgs/lib/libcleaning_robot_msgs__rosidl_typesupport_c.so
[19.999s] -- Set runtime path of "/home/capybariana/workspace/ros2_ws/src/install/cleaning_robot_msgs/lib/libcleaning_robot_msgs__rosidl_typesupport_c.so" to ""
[20.000s] -- Installing: /home/capybariana/workspace/ros2_ws/src/install/cleaning_robot_msgs/lib/libcleaning_robot_msgs__rosidl_typesupport_fastrtps_cpp.so
[20.002s] -- Set runtime path of "/home/capybariana/workspace/ros2_ws/src/install/cleaning_robot_msgs/lib/libcleaning_robot_msgs__rosidl_typesupport_fastrtps_cpp.so" to ""
[20.002s] -- Installing: /home/capybariana/workspace/ros2_ws/src/install/cleaning_robot_msgs/lib/libcleaning_robot_msgs__rosidl_typesupport_introspection_cpp.so
[20.003s] -- Set runtime path of "/home/capybariana/workspace/ros2_ws/src/install/cleaning_robot_msgs/lib/libcleaning_robot_msgs__rosidl_typesupport_introspection_cpp.so" to ""
[20.003s] -- Installing: /home/capybariana/workspace/ros2_ws/src/install/cleaning_robot_msgs/lib/libcleaning_robot_msgs__rosidl_typesupport_cpp.so
[20.004s] -- Set runtime path of "/home/capybariana/workspace/ros2_ws/src/install/cleaning_robot_msgs/lib/libcleaning_robot_msgs__rosidl_typesupport_cpp.so" to ""
[20.252s] Listing '/home/capybariana/workspace/ros2_ws/src/install/cleaning_robot_msgs/local/lib/python3.10/dist-packages/cleaning_robot_msgs'...
[20.252s] Compiling '/home/capybariana/workspace/ros2_ws/src/install/cleaning_robot_msgs/local/lib/python3.10/dist-packages/cleaning_robot_msgs/__init__.py'...
[20.253s] Listing '/home/capybariana/workspace/ros2_ws/src/install/cleaning_robot_msgs/local/lib/python3.10/dist-packages/cleaning_robot_msgs/action'...
[20.253s] Compiling '/home/capybariana/workspace/ros2_ws/src/install/cleaning_robot_msgs/local/lib/python3.10/dist-packages/cleaning_robot_msgs/action/__init__.py'...
[20.253s] Compiling '/home/capybariana/workspace/ros2_ws/src/install/cleaning_robot_msgs/local/lib/python3.10/dist-packages/cleaning_robot_msgs/action/_cleaning_task.py'...
[20.287s] -- Installing: /home/capybariana/workspace/ros2_ws/src/install/cleaning_robot_msgs/lib/libcleaning_robot_msgs__rosidl_generator_py.so
[20.290s] -- Set runtime path of "/home/capybariana/workspace/ros2_ws/src/install/cleaning_robot_msgs/lib/libcleaning_robot_msgs__rosidl_generator_py.so" to ""
[20.290s] -- Installing: /home/capybariana/workspace/ros2_ws/src/install/cleaning_robot_msgs/share/cleaning_robot_msgs/cmake/export_cleaning_robot_msgs__rosidl_generator_cExport.cmake
[20.334s] -- Installing: /home/capybariana/workspace/ros2_ws/src/install/cleaning_robot_msgs/share/cleaning_robot_msgs/cmake/export_cleaning_robot_msgs__rosidl_generator_cExport-noconfig.cmake
[20.336s] -- Installing: /home/capybariana/workspace/ros2_ws/src/install/cleaning_robot_msgs/share/cleaning_robot_msgs/cmake/export_cleaning_robot_msgs__rosidl_typesupport_fastrtps_cExport.cmake
[20.337s] -- Installing: /home/capybariana/workspace/ros2_ws/src/install/cleaning_robot_msgs/share/cleaning_robot_msgs/cmake/export_cleaning_robot_msgs__rosidl_typesupport_fastrtps_cExport-noconfig.cmake
[20.338s] -- Installing: /home/capybariana/workspace/ros2_ws/src/install/cleaning_robot_msgs/share/cleaning_robot_msgs/cmake/cleaning_robot_msgs__rosidl_typesupport_introspection_cExport.cmake
[20.340s] -- Installing: /home/capybariana/workspace/ros2_ws/src/install/cleaning_robot_msgs/share/cleaning_robot_msgs/cmake/cleaning_robot_msgs__rosidl_typesupport_introspection_cExport-noconfig.cmake
[20.341s] -- Installing: /home/capybariana/workspace/ros2_ws/src/install/cleaning_robot_msgs/share/cleaning_robot_msgs/cmake/cleaning_robot_msgs__rosidl_typesupport_cExport.cmake
[20.342s] -- Installing: /home/capybariana/workspace/ros2_ws/src/install/cleaning_robot_msgs/share/cleaning_robot_msgs/cmake/cleaning_robot_msgs__rosidl_typesupport_cExport-noconfig.cmake
[20.344s] -- Installing: /home/capybariana/workspace/ros2_ws/src/install/cleaning_robot_msgs/share/cleaning_robot_msgs/cmake/export_cleaning_robot_msgs__rosidl_generator_cppExport.cmake
[20.348s] -- Installing: /home/capybariana/workspace/ros2_ws/src/install/cleaning_robot_msgs/share/cleaning_robot_msgs/cmake/export_cleaning_robot_msgs__rosidl_typesupport_fastrtps_cppExport.cmake
[20.352s] -- Installing: /home/capybariana/workspace/ros2_ws/src/install/cleaning_robot_msgs/share/cleaning_robot_msgs/cmake/export_cleaning_robot_msgs__rosidl_typesupport_fastrtps_cppExport-noconfig.cmake
[20.353s] -- Installing: /home/capybariana/workspace/ros2_ws/src/install/cleaning_robot_msgs/share/cleaning_robot_msgs/cmake/cleaning_robot_msgs__rosidl_typesupport_introspection_cppExport.cmake
[20.353s] -- Installing: /home/capybariana/workspace/ros2_ws/src/install/cleaning_robot_msgs/share/cleaning_robot_msgs/cmake/cleaning_robot_msgs__rosidl_typesupport_introspection_cppExport-noconfig.cmake
[20.356s] -- Installing: /home/capybariana/workspace/ros2_ws/src/install/cleaning_robot_msgs/share/cleaning_robot_msgs/cmake/cleaning_robot_msgs__rosidl_typesupport_cppExport.cmake
[20.362s] -- Installing: /home/capybariana/workspace/ros2_ws/src/install/cleaning_robot_msgs/share/cleaning_robot_msgs/cmake/cleaning_robot_msgs__rosidl_typesupport_cppExport-noconfig.cmake
[20.366s] -- Installing: /home/capybariana/workspace/ros2_ws/src/install/cleaning_robot_msgs/share/cleaning_robot_msgs/cmake/export_cleaning_robot_msgs__rosidl_generator_pyExport.cmake
[20.367s] -- Installing: /home/capybariana/workspace/ros2_ws/src/install/cleaning_robot_msgs/share/cleaning_robot_msgs/cmake/export_cleaning_robot_msgs__rosidl_generator_pyExport-noconfig.cmake
[20.375s] Invoked command in '/home/capybariana/workspace/ros2_ws/src/build/cleaning_robot_msgs' returned '0': CMAKE_PREFIX_PATH=/opt/ros/humble /usr/bin/cmake --install /home/capybariana/workspace/ros2_ws/src/build/cleaning_robot_msgs
