running develop
running egg_info
creating cleaning_robot.egg-info
writing cleaning_robot.egg-info/PKG-INFO
writing dependency_links to cleaning_robot.egg-info/dependency_links.txt
writing entry points to cleaning_robot.egg-info/entry_points.txt
writing requirements to cleaning_robot.egg-info/requires.txt
writing top-level names to cleaning_robot.egg-info/top_level.txt
writing manifest file 'cleaning_robot.egg-info/SOURCES.txt'
reading manifest file 'cleaning_robot.egg-info/SOURCES.txt'
writing manifest file 'cleaning_robot.egg-info/SOURCES.txt'
running build_ext
Creating /home/capybariana/workspace/ros2_ws/src/install/cleaning_robot/lib/python3.10/site-packages/cleaning-robot.egg-link (link to .)
Installing cleaning_action_client script to /home/capybariana/workspace/ros2_ws/src/install/cleaning_robot/lib/cleaning_robot
Installing cleaning_action_server script to /home/capybariana/workspace/ros2_ws/src/install/cleaning_robot/lib/cleaning_robot

Installed /home/capybariana/workspace/ros2_ws/src/build/cleaning_robot
running symlink_data
creating /home/capybariana/workspace/ros2_ws/src/install/cleaning_robot/share/ament_index/resource_index/packages
symbolically linking /home/capybariana/workspace/ros2_ws/src/build/cleaning_robot/resource/cleaning_robot -> /home/capybariana/workspace/ros2_ws/src/install/cleaning_robot/share/ament_index/resource_index/packages
symbolically linking /home/capybariana/workspace/ros2_ws/src/build/cleaning_robot/package.xml -> /home/capybariana/workspace/ros2_ws/src/install/cleaning_robot/share/cleaning_robot
