[9.190s] Invoking command in '/home/capybariana/workspace/ros2_ws/src/build/cleaning_robot': AMENT_PREFIX_PATH=/home/capybariana/workspace/ros2_ws/src/install/cleaning_robot_msgs:${AMENT_PREFIX_PATH} CMAKE_PREFIX_PATH=/home/capybariana/workspace/ros2_ws/src/install/cleaning_robot_msgs LD_LIBRARY_PATH=/home/capybariana/workspace/ros2_ws/src/install/cleaning_robot_msgs/lib:${LD_LIBRARY_PATH} PYTHONPATH=/home/capybariana/workspace/ros2_ws/src/build/cleaning_robot/prefix_override:/usr/lib/python3/dist-packages/colcon_core/task/python/colcon_distutils_commands:/home/capybariana/workspace/ros2_ws/src/install/cleaning_robot/lib/python3.10/site-packages:/home/capybariana/workspace/ros2_ws/src/install/cleaning_robot_msgs/local/lib/python3.10/dist-packages:${PYTHONPATH} /usr/bin/python3 -W ignore:setup.py install is deprecated -W ignore:easy_install command is deprecated setup.py develop --editable --build-directory /home/capybariana/workspace/ros2_ws/src/build/cleaning_robot/build --no-deps symlink_data
[10.966s] running develop
[11.986s] running egg_info
[12.077s] creating cleaning_robot.egg-info
[12.080s] writing cleaning_robot.egg-info/PKG-INFO
[12.083s] writing dependency_links to cleaning_robot.egg-info/dependency_links.txt
[12.084s] writing entry points to cleaning_robot.egg-info/entry_points.txt
[12.085s] writing requirements to cleaning_robot.egg-info/requires.txt
[12.086s] writing top-level names to cleaning_robot.egg-info/top_level.txt
[12.086s] writing manifest file 'cleaning_robot.egg-info/SOURCES.txt'
[12.247s] reading manifest file 'cleaning_robot.egg-info/SOURCES.txt'
[12.251s] writing manifest file 'cleaning_robot.egg-info/SOURCES.txt'
[12.358s] running build_ext
[12.358s] Creating /home/capybariana/workspace/ros2_ws/src/install/cleaning_robot/lib/python3.10/site-packages/cleaning-robot.egg-link (link to .)
[12.366s] Installing cleaning_action_client script to /home/capybariana/workspace/ros2_ws/src/install/cleaning_robot/lib/cleaning_robot
[12.372s] Installing cleaning_action_server script to /home/capybariana/workspace/ros2_ws/src/install/cleaning_robot/lib/cleaning_robot
[12.374s] 
[12.375s] Installed /home/capybariana/workspace/ros2_ws/src/build/cleaning_robot
[12.376s] running symlink_data
[12.376s] creating /home/capybariana/workspace/ros2_ws/src/install/cleaning_robot/share/ament_index/resource_index/packages
[12.378s] symbolically linking /home/capybariana/workspace/ros2_ws/src/build/cleaning_robot/resource/cleaning_robot -> /home/capybariana/workspace/ros2_ws/src/install/cleaning_robot/share/ament_index/resource_index/packages
[12.383s] symbolically linking /home/capybariana/workspace/ros2_ws/src/build/cleaning_robot/package.xml -> /home/capybariana/workspace/ros2_ws/src/install/cleaning_robot/share/cleaning_robot
[12.514s] Invoked command in '/home/capybariana/workspace/ros2_ws/src/build/cleaning_robot' returned '0': AMENT_PREFIX_PATH=/home/capybariana/workspace/ros2_ws/src/install/cleaning_robot_msgs:${AMENT_PREFIX_PATH} CMAKE_PREFIX_PATH=/home/capybariana/workspace/ros2_ws/src/install/cleaning_robot_msgs LD_LIBRARY_PATH=/home/capybariana/workspace/ros2_ws/src/install/cleaning_robot_msgs/lib:${LD_LIBRARY_PATH} PYTHONPATH=/home/capybariana/workspace/ros2_ws/src/build/cleaning_robot/prefix_override:/usr/lib/python3/dist-packages/colcon_core/task/python/colcon_distutils_commands:/home/capybariana/workspace/ros2_ws/src/install/cleaning_robot/lib/python3.10/site-packages:/home/capybariana/workspace/ros2_ws/src/install/cleaning_robot_msgs/local/lib/python3.10/dist-packages:${PYTHONPATH} /usr/bin/python3 -W ignore:setup.py install is deprecated -W ignore:easy_install command is deprecated setup.py develop --editable --build-directory /home/capybariana/workspace/ros2_ws/src/build/cleaning_robot/build --no-deps symlink_data
