[0.906s] Invoking command in '/home/capybariana/workspace/ros2_ws/build/examples_rclcpp_minimal_service': CMAKE_PREFIX_PATH=${CMAKE_PREFIX_PATH}:/home/capybariana/workspace/ros2_ws/install/ex03:/home/capybariana/workspace/install/ex10:/home/capybariana/workspace/install/ex02:/home/capybariana/workspace/ros2_ws/src/install/cleaning_robot:/opt/ros/humble /usr/bin/cmake /home/capybariana/workspace/ros2_ws/src/examples/rclcpp/services/minimal_service -DAMENT_CMAKE_SYMLINK_INSTALL=1 -DCMAKE_INSTALL_PREFIX=/home/capybariana/workspace/ros2_ws/install/examples_rclcpp_minimal_service
[1.137s] -- The C compiler identification is GNU 11.4.0
[1.918s] -- The CXX compiler identification is GNU 11.4.0
[2.626s] -- Detecting C compiler ABI info
[2.994s] -- Detecting C compiler ABI info - done
[3.014s] -- Check for working C compiler: /usr/bin/cc - skipped
[3.014s] -- Detecting C compile features
[3.014s] -- Detecting C compile features - done
[3.014s] -- Detecting CXX compiler ABI info
[3.335s] -- Detecting CXX compiler ABI info - done
[3.353s] -- Check for working CXX compiler: /usr/bin/c++ - skipped
[3.354s] -- Detecting CXX compile features
[3.355s] -- Detecting CXX compile features - done
[3.359s] -- Found ament_cmake: 1.3.12 (/opt/ros/humble/share/ament_cmake/cmake)
[4.214s] -- Found Python3: /usr/bin/python3 (found version "3.10.12") found components: Interpreter 
[4.363s] -- Override CMake install command with custom implementation using symlinks instead of copying resources
[4.409s] -- Found example_interfaces: 0.9.3 (/opt/ros/humble/share/example_interfaces/cmake)
[4.695s] -- Found rosidl_generator_c: 3.1.7 (/opt/ros/humble/share/rosidl_generator_c/cmake)
[4.705s] -- Found rosidl_adapter: 3.1.7 (/opt/ros/humble/share/rosidl_adapter/cmake)
[4.720s] -- Found rosidl_generator_cpp: 3.1.7 (/opt/ros/humble/share/rosidl_generator_cpp/cmake)
[4.742s] -- Using all available rosidl_typesupport_c: rosidl_typesupport_fastrtps_c;rosidl_typesupport_introspection_c
[4.779s] -- Using all available rosidl_typesupport_cpp: rosidl_typesupport_fastrtps_cpp;rosidl_typesupport_introspection_cpp
[4.914s] -- Found rclcpp: 16.0.15 (/opt/ros/humble/share/rclcpp/cmake)
