running egg_info
creating ../../build/ex03/ex03.egg-info
writing ../../build/ex03/ex03.egg-info/PKG-INFO
writing dependency_links to ../../build/ex03/ex03.egg-info/dependency_links.txt
writing entry points to ../../build/ex03/ex03.egg-info/entry_points.txt
writing requirements to ../../build/ex03/ex03.egg-info/requires.txt
writing top-level names to ../../build/ex03/ex03.egg-info/top_level.txt
writing manifest file '../../build/ex03/ex03.egg-info/SOURCES.txt'
reading manifest file '../../build/ex03/ex03.egg-info/SOURCES.txt'
writing manifest file '../../build/ex03/ex03.egg-info/SOURCES.txt'
running build
running build_py
creating /home/capybariana/workspace/ros2_ws/build/ex03/build/lib/ex03
copying ex03/turtle_tf2_broadcaster2.py -> /home/capybariana/workspace/ros2_ws/build/ex03/build/lib/ex03
copying ex03/turtle_tf2_listener_delay.py -> /home/capybariana/workspace/ros2_ws/build/ex03/build/lib/ex03
copying ex03/spawn_turtle.py -> /home/capybariana/workspace/ros2_ws/build/ex03/build/lib/ex03
copying ex03/__init__.py -> /home/capybariana/workspace/ros2_ws/build/ex03/build/lib/ex03
copying ex03/turtle_tf2_broadcaster.py -> /home/capybariana/workspace/ros2_ws/build/ex03/build/lib/ex03
running install
running install_lib
creating /home/capybariana/workspace/ros2_ws/install/ex03/lib/python3.10/site-packages/ex03
copying /home/capybariana/workspace/ros2_ws/build/ex03/build/lib/ex03/turtle_tf2_broadcaster2.py -> /home/capybariana/workspace/ros2_ws/install/ex03/lib/python3.10/site-packages/ex03
copying /home/capybariana/workspace/ros2_ws/build/ex03/build/lib/ex03/turtle_tf2_listener_delay.py -> /home/capybariana/workspace/ros2_ws/install/ex03/lib/python3.10/site-packages/ex03
copying /home/capybariana/workspace/ros2_ws/build/ex03/build/lib/ex03/spawn_turtle.py -> /home/capybariana/workspace/ros2_ws/install/ex03/lib/python3.10/site-packages/ex03
copying /home/capybariana/workspace/ros2_ws/build/ex03/build/lib/ex03/__init__.py -> /home/capybariana/workspace/ros2_ws/install/ex03/lib/python3.10/site-packages/ex03
copying /home/capybariana/workspace/ros2_ws/build/ex03/build/lib/ex03/turtle_tf2_broadcaster.py -> /home/capybariana/workspace/ros2_ws/install/ex03/lib/python3.10/site-packages/ex03
byte-compiling /home/capybariana/workspace/ros2_ws/install/ex03/lib/python3.10/site-packages/ex03/turtle_tf2_broadcaster2.py to turtle_tf2_broadcaster2.cpython-310.pyc
byte-compiling /home/capybariana/workspace/ros2_ws/install/ex03/lib/python3.10/site-packages/ex03/turtle_tf2_listener_delay.py to turtle_tf2_listener_delay.cpython-310.pyc
byte-compiling /home/capybariana/workspace/ros2_ws/install/ex03/lib/python3.10/site-packages/ex03/spawn_turtle.py to spawn_turtle.cpython-310.pyc
byte-compiling /home/capybariana/workspace/ros2_ws/install/ex03/lib/python3.10/site-packages/ex03/__init__.py to __init__.cpython-310.pyc
byte-compiling /home/capybariana/workspace/ros2_ws/install/ex03/lib/python3.10/site-packages/ex03/turtle_tf2_broadcaster.py to turtle_tf2_broadcaster.cpython-310.pyc
running install_data
creating /home/capybariana/workspace/ros2_ws/install/ex03/share/ament_index/resource_index/packages
copying resource/ex03 -> /home/capybariana/workspace/ros2_ws/install/ex03/share/ament_index/resource_index/packages
copying package.xml -> /home/capybariana/workspace/ros2_ws/install/ex03/share/ex03
creating /home/capybariana/workspace/ros2_ws/install/ex03/share/ex03/launch
copying launch/turtle_tf2_demo.launch.py -> /home/capybariana/workspace/ros2_ws/install/ex03/share/ex03/launch
running install_egg_info
Copying ../../build/ex03/ex03.egg-info to /home/capybariana/workspace/ros2_ws/install/ex03/lib/python3.10/site-packages/ex03-0.0.0-py3.10.egg-info
running install_scripts
Installing spawn_turtle script to /home/capybariana/workspace/ros2_ws/install/ex03/lib/ex03
Installing turtle_tf2_broadcaster script to /home/capybariana/workspace/ros2_ws/install/ex03/lib/ex03
Installing turtle_tf2_broadcaster2 script to /home/capybariana/workspace/ros2_ws/install/ex03/lib/ex03
Installing turtle_tf2_listener_delay script to /home/capybariana/workspace/ros2_ws/install/ex03/lib/ex03
writing list of installed files to '/home/capybariana/workspace/ros2_ws/build/ex03/install.log'
