[0.922s] Invoking command in '/home/capybariana/workspace/ros2_ws/build/examples_rclcpp_minimal_composition': CMAKE_PREFIX_PATH=${CMAKE_PREFIX_PATH}:/home/capybariana/workspace/ros2_ws/install/ex03:/home/capybariana/workspace/install/ex10:/home/capybariana/workspace/install/ex02:/home/capybariana/workspace/ros2_ws/src/install/cleaning_robot:/opt/ros/humble /usr/bin/cmake /home/capybariana/workspace/ros2_ws/src/examples/rclcpp/composition/minimal_composition -DAMENT_CMAKE_SYMLINK_INSTALL=1 -DCMAKE_INSTALL_PREFIX=/home/capybariana/workspace/ros2_ws/install/examples_rclcpp_minimal_composition
[1.148s] -- The C compiler identification is GNU 11.4.0
[1.895s] -- The CXX compiler identification is GNU 11.4.0
[2.454s] -- Detecting C compiler ABI info
[2.711s] -- Detecting C compiler ABI info - done
[2.713s] -- Check for working C compiler: /usr/bin/cc - skipped
[2.714s] -- Detecting C compile features
[2.716s] -- Detecting C compile features - done
[2.723s] -- Detecting CXX compiler ABI info
[3.081s] -- Detecting CXX compiler ABI info - done
[3.092s] -- Check for working CXX compiler: /usr/bin/c++ - skipped
[3.093s] -- Detecting CXX compile features
[3.094s] -- Detecting CXX compile features - done
[3.100s] -- Found ament_cmake: 1.3.12 (/opt/ros/humble/share/ament_cmake/cmake)
[3.972s] -- Found Python3: /usr/bin/python3 (found version "3.10.12") found components: Interpreter 
[4.121s] -- Override CMake install command with custom implementation using symlinks instead of copying resources
[4.153s] -- Found rclcpp: 16.0.15 (/opt/ros/humble/share/rclcpp/cmake)
[4.469s] -- Found rosidl_generator_c: 3.1.7 (/opt/ros/humble/share/rosidl_generator_c/cmake)
[4.482s] -- Found rosidl_adapter: 3.1.7 (/opt/ros/humble/share/rosidl_adapter/cmake)
[4.495s] -- Found rosidl_generator_cpp: 3.1.7 (/opt/ros/humble/share/rosidl_generator_cpp/cmake)
[4.524s] -- Using all available rosidl_typesupport_c: rosidl_typesupport_fastrtps_c;rosidl_typesupport_introspection_c
[4.559s] -- Using all available rosidl_typesupport_cpp: rosidl_typesupport_fastrtps_cpp;rosidl_typesupport_introspection_cpp
[4.639s] -- Found rmw_implementation_cmake: 6.1.2 (/opt/ros/humble/share/rmw_implementation_cmake/cmake)
[4.644s] -- Found rmw_fastrtps_cpp: 6.2.9 (/opt/ros/humble/share/rmw_fastrtps_cpp/cmake)
