[0.916s] Invoking command in '/home/capybariana/workspace/ros2_ws/build/examples_rclcpp_minimal_timer': CMAKE_PREFIX_PATH=${CMAKE_PREFIX_PATH}:/home/capybariana/workspace/ros2_ws/install/ex03:/home/capybariana/workspace/install/ex10:/home/capybariana/workspace/install/ex02:/home/capybariana/workspace/ros2_ws/src/install/cleaning_robot:/opt/ros/humble /usr/bin/cmake /home/capybariana/workspace/ros2_ws/src/examples/rclcpp/timers/minimal_timer -DAMENT_CMAKE_SYMLINK_INSTALL=1 -DCMAKE_INSTALL_PREFIX=/home/capybariana/workspace/ros2_ws/install/examples_rclcpp_minimal_timer
[4.958s] -- The C compiler identification is GNU 11.4.0
[4.958s] -- The CXX compiler identification is GNU 11.4.0
[4.958s] -- Detecting C compiler ABI info
[4.958s] -- Detecting C compiler ABI info - done
[4.959s] -- Check for working C compiler: /usr/bin/cc - skipped
[4.959s] -- Detecting C compile features
[4.960s] -- Detecting C compile features - done
[4.960s] -- Detecting CXX compiler ABI info
[4.960s] -- Detecting CXX compiler ABI info - done
[4.961s] -- Check for working CXX compiler: /usr/bin/c++ - skipped
[4.961s] -- Detecting CXX compile features
[4.961s] -- Detecting CXX compile features - done
[4.961s] -- Found ament_cmake: 1.3.12 (/opt/ros/humble/share/ament_cmake/cmake)
[4.961s] -- Found Python3: /usr/bin/python3 (found version "3.10.12") found components: Interpreter 
[4.961s] -- Override CMake install command with custom implementation using symlinks instead of copying resources
[4.962s] -- Found rclcpp: 16.0.15 (/opt/ros/humble/share/rclcpp/cmake)
[4.962s] -- Found rosidl_generator_c: 3.1.7 (/opt/ros/humble/share/rosidl_generator_c/cmake)
[4.963s] -- Found rosidl_adapter: 3.1.7 (/opt/ros/humble/share/rosidl_adapter/cmake)
[4.963s] -- Found rosidl_generator_cpp: 3.1.7 (/opt/ros/humble/share/rosidl_generator_cpp/cmake)
[4.963s] -- Using all available rosidl_typesupport_c: rosidl_typesupport_fastrtps_c;rosidl_typesupport_introspection_c
[4.963s] -- Using all available rosidl_typesupport_cpp: rosidl_typesupport_fastrtps_cpp;rosidl_typesupport_introspection_cpp
[4.963s] -- Found rmw_implementation_cmake: 6.1.2 (/opt/ros/humble/share/rmw_implementation_cmake/cmake)
[4.963s] -- Found rmw_fastrtps_cpp: 6.2.9 (/opt/ros/humble/share/rmw_fastrtps_cpp/cmake)
