running develop
running egg_info
writing ex03.egg-info/PKG-INFO
writing dependency_links to ex03.egg-info/dependency_links.txt
writing entry points to ex03.egg-info/entry_points.txt
writing requirements to ex03.egg-info/requires.txt
writing top-level names to ex03.egg-info/top_level.txt
reading manifest file 'ex03.egg-info/SOURCES.txt'
writing manifest file 'ex03.egg-info/SOURCES.txt'
running build_ext
Creating /home/capybariana/workspace/ros2_ws/install/ex03/lib/python3.10/site-packages/ex03.egg-link (link to .)
Installing spawn_turtle script to /home/capybariana/workspace/ros2_ws/install/ex03/lib/ex03
Installing turtle_tf2_broadcaster script to /home/capybariana/workspace/ros2_ws/install/ex03/lib/ex03
Installing turtle_tf2_broadcaster2 script to /home/capybariana/workspace/ros2_ws/install/ex03/lib/ex03
Installing turtle_tf2_listener_delay script to /home/capybariana/workspace/ros2_ws/install/ex03/lib/ex03

Installed /home/capybariana/workspace/ros2_ws/build/ex03
running symlink_data
symbolically linking /home/capybariana/workspace/ros2_ws/build/ex03/resource/ex03 -> /home/capybariana/workspace/ros2_ws/install/ex03/share/ament_index/resource_index/packages
symbolically linking /home/capybariana/workspace/ros2_ws/build/ex03/package.xml -> /home/capybariana/workspace/ros2_ws/install/ex03/share/ex03
symbolically linking /home/capybariana/workspace/ros2_ws/build/ex03/launch/turtle_tf2_demo.launch.py -> /home/capybariana/workspace/ros2_ws/install/ex03/share/ex03/launch
