[2.048s] Invoking command in '/home/capybariana/workspace/ros2_ws/build/ex03': PYTHONPATH=/home/capybariana/workspace/ros2_ws/build/ex03/prefix_override:/usr/lib/python3/dist-packages/colcon_core/task/python/colcon_distutils_commands:/home/capybariana/workspace/ros2_ws/install/ex03/lib/python3.10/site-packages:${PYTHONPATH} /usr/bin/python3 -W ignore:setup.py install is deprecated -W ignore:easy_install command is deprecated setup.py develop --editable --build-directory /home/capybariana/workspace/ros2_ws/build/ex03/build --no-deps symlink_data --force
[5.059s] running develop
[5.059s] running egg_info
[5.059s] writing ex03.egg-info/PKG-INFO
[5.059s] writing dependency_links to ex03.egg-info/dependency_links.txt
[5.059s] writing entry points to ex03.egg-info/entry_points.txt
[5.059s] writing requirements to ex03.egg-info/requires.txt
[5.059s] writing top-level names to ex03.egg-info/top_level.txt
[5.059s] reading manifest file 'ex03.egg-info/SOURCES.txt'
[5.059s] writing manifest file 'ex03.egg-info/SOURCES.txt'
[5.060s] running build_ext
[5.060s] Creating /home/capybariana/workspace/ros2_ws/install/ex03/lib/python3.10/site-packages/ex03.egg-link (link to .)
[5.060s] Installing spawn_turtle script to /home/capybariana/workspace/ros2_ws/install/ex03/lib/ex03
[5.060s] Installing turtle_tf2_broadcaster script to /home/capybariana/workspace/ros2_ws/install/ex03/lib/ex03
[5.060s] Installing turtle_tf2_broadcaster2 script to /home/capybariana/workspace/ros2_ws/install/ex03/lib/ex03
[5.060s] Installing turtle_tf2_listener_delay script to /home/capybariana/workspace/ros2_ws/install/ex03/lib/ex03
[5.060s] 
[5.060s] Installed /home/capybariana/workspace/ros2_ws/build/ex03
[5.061s] running symlink_data
[5.061s] symbolically linking /home/capybariana/workspace/ros2_ws/build/ex03/resource/ex03 -> /home/capybariana/workspace/ros2_ws/install/ex03/share/ament_index/resource_index/packages
[5.061s] symbolically linking /home/capybariana/workspace/ros2_ws/build/ex03/package.xml -> /home/capybariana/workspace/ros2_ws/install/ex03/share/ex03
[5.061s] symbolically linking /home/capybariana/workspace/ros2_ws/build/ex03/launch/turtle_tf2_demo.launch.py -> /home/capybariana/workspace/ros2_ws/install/ex03/share/ex03/launch
