[0.912s] Invoking command in '/home/capybariana/workspace/ros2_ws/build/examples_rclcpp_minimal_client': CMAKE_PREFIX_PATH=${CMAKE_PREFIX_PATH}:/home/capybariana/workspace/ros2_ws/install/ex03:/home/capybariana/workspace/install/ex10:/home/capybariana/workspace/install/ex02:/home/capybariana/workspace/ros2_ws/src/install/cleaning_robot:/opt/ros/humble /usr/bin/cmake /home/capybariana/workspace/ros2_ws/src/examples/rclcpp/services/minimal_client -DAMENT_CMAKE_SYMLINK_INSTALL=1 -DCMAKE_INSTALL_PREFIX=/home/capybariana/workspace/ros2_ws/install/examples_rclcpp_minimal_client
[1.161s] -- The C compiler identification is GNU 11.4.0
[1.957s] -- The CXX compiler identification is GNU 11.4.0
[2.566s] -- Detecting C compiler ABI info
[2.897s] -- Detecting C compiler ABI info - done
[2.898s] -- Check for working C compiler: /usr/bin/cc - skipped
[2.898s] -- Detecting C compile features
[2.898s] -- Detecting C compile features - done
[2.903s] -- Detecting CXX compiler ABI info
[3.221s] -- Detecting CXX compiler ABI info - done
[3.243s] -- Check for working CXX compiler: /usr/bin/c++ - skipped
[3.244s] -- Detecting CXX compile features
[3.245s] -- Detecting CXX compile features - done
[3.259s] -- Found ament_cmake: 1.3.12 (/opt/ros/humble/share/ament_cmake/cmake)
[4.128s] -- Found Python3: /usr/bin/python3 (found version "3.10.12") found components: Interpreter 
[4.278s] -- Override CMake install command with custom implementation using symlinks instead of copying resources
[4.325s] -- Found example_interfaces: 0.9.3 (/opt/ros/humble/share/example_interfaces/cmake)
[4.650s] -- Found rosidl_generator_c: 3.1.7 (/opt/ros/humble/share/rosidl_generator_c/cmake)
[4.660s] -- Found rosidl_adapter: 3.1.7 (/opt/ros/humble/share/rosidl_adapter/cmake)
[4.677s] -- Found rosidl_generator_cpp: 3.1.7 (/opt/ros/humble/share/rosidl_generator_cpp/cmake)
[4.717s] -- Using all available rosidl_typesupport_c: rosidl_typesupport_fastrtps_c;rosidl_typesupport_introspection_c
[4.734s] -- Using all available rosidl_typesupport_cpp: rosidl_typesupport_fastrtps_cpp;rosidl_typesupport_introspection_cpp
[4.837s] -- Found rclcpp: 16.0.15 (/opt/ros/humble/share/rclcpp/cmake)
[4.914s] -- Found rmw_implementation_cmake: 6.1.2 (/opt/ros/humble/share/rmw_implementation_cmake/cmake)
[4.921s] -- Found rmw_fastrtps_cpp: 6.2.9 (/opt/ros/humble/share/rmw_fastrtps_cpp/cmake)
