[0.915s] Invoking command in '/home/capybariana/workspace/ros2_ws/build/examples_rclcpp_cbg_executor': CMAKE_PREFIX_PATH=${CMAKE_PREFIX_PATH}:/home/capybariana/workspace/ros2_ws/install/ex03:/home/capybariana/workspace/install/ex10:/home/capybariana/workspace/install/ex02:/home/capybariana/workspace/ros2_ws/src/install/cleaning_robot:/opt/ros/humble /usr/bin/cmake /home/capybariana/workspace/ros2_ws/src/examples/rclcpp/executors/cbg_executor -DAMENT_CMAKE_SYMLINK_INSTALL=1 -DCMAKE_INSTALL_PREFIX=/home/capybariana/workspace/ros2_ws/install/examples_rclcpp_cbg_executor
[1.168s] -- The C compiler identification is GNU 11.4.0
[1.917s] -- The CXX compiler identification is GNU 11.4.0
[2.417s] -- Detecting C compiler ABI info
[2.658s] -- Detecting C compiler ABI info - done
[2.673s] -- Check for working C compiler: /usr/bin/cc - skipped
[2.674s] -- Detecting C compile features
[2.675s] -- Detecting C compile features - done
[2.683s] -- Detecting CXX compiler ABI info
[3.025s] -- Detecting CXX compiler ABI info - done
[3.032s] -- Check for working CXX compiler: /usr/bin/c++ - skipped
[3.033s] -- Detecting CXX compile features
[3.033s] -- Detecting CXX compile features - done
[3.038s] -- Found ament_cmake: 1.3.12 (/opt/ros/humble/share/ament_cmake/cmake)
[3.901s] -- Found Python3: /usr/bin/python3 (found version "3.10.12") found components: Interpreter 
[4.065s] -- Override CMake install command with custom implementation using symlinks instead of copying resources
[4.100s] -- Found rclcpp: 16.0.15 (/opt/ros/humble/share/rclcpp/cmake)
[4.478s] -- Found rosidl_generator_c: 3.1.7 (/opt/ros/humble/share/rosidl_generator_c/cmake)
[4.487s] -- Found rosidl_adapter: 3.1.7 (/opt/ros/humble/share/rosidl_adapter/cmake)
[4.506s] -- Found rosidl_generator_cpp: 3.1.7 (/opt/ros/humble/share/rosidl_generator_cpp/cmake)
[4.537s] -- Using all available rosidl_typesupport_c: rosidl_typesupport_fastrtps_c;rosidl_typesupport_introspection_c
[4.570s] -- Using all available rosidl_typesupport_cpp: rosidl_typesupport_fastrtps_cpp;rosidl_typesupport_introspection_cpp
[4.644s] -- Found rmw_implementation_cmake: 6.1.2 (/opt/ros/humble/share/rmw_implementation_cmake/cmake)
[4.648s] -- Found rmw_fastrtps_cpp: 6.2.9 (/opt/ros/humble/share/rmw_fastrtps_cpp/cmake)
