[1.974s] Invoking command in '/home/capybariana/workspace/ros2_ws/build/ex10': PYTHONPATH=/home/capybariana/workspace/ros2_ws/build/ex10/prefix_override:/usr/lib/python3/dist-packages/colcon_core/task/python/colcon_distutils_commands:/home/capybariana/workspace/ros2_ws/install/ex10/lib/python3.10/site-packages:${PYTHONPATH} /usr/bin/python3 -W ignore:setup.py install is deprecated -W ignore:easy_install command is deprecated setup.py develop --editable --build-directory /home/capybariana/workspace/ros2_ws/build/ex10/build --no-deps symlink_data
[5.047s] running develop
[5.047s] running egg_info
[5.047s] creating ex10.egg-info
[5.047s] writing ex10.egg-info/PKG-INFO
[5.047s] writing dependency_links to ex10.egg-info/dependency_links.txt
[5.048s] writing entry points to ex10.egg-info/entry_points.txt
[5.048s] writing requirements to ex10.egg-info/requires.txt
[5.048s] writing top-level names to ex10.egg-info/top_level.txt
[5.048s] writing manifest file 'ex10.egg-info/SOURCES.txt'
[5.048s] reading manifest file 'ex10.egg-info/SOURCES.txt'
[5.048s] writing manifest file 'ex10.egg-info/SOURCES.txt'
[5.048s] running build_ext
[5.048s] Creating /home/capybariana/workspace/ros2_ws/install/ex10/lib/python3.10/site-packages/ex10.egg-link (link to .)
[5.048s] Installing text_to_cmd_vel script to /home/capybariana/workspace/ros2_ws/install/ex10/lib/ex10
[5.049s] 
[5.049s] Installed /home/capybariana/workspace/ros2_ws/build/ex10
[5.049s] running symlink_data
[5.049s] creating /home/capybariana/workspace/ros2_ws/install/ex10/share/ament_index/resource_index/packages
[5.049s] symbolically linking /home/capybariana/workspace/ros2_ws/build/ex10/resource/ex10 -> /home/capybariana/workspace/ros2_ws/install/ex10/share/ament_index/resource_index/packages
[5.049s] symbolically linking /home/capybariana/workspace/ros2_ws/build/ex10/package.xml -> /home/capybariana/workspace/ros2_ws/install/ex10/share/ex10
