[0.919s] Invoking command in '/home/capybariana/workspace/ros2_ws/build/examples_rclcpp_async_client': CMAKE_PREFIX_PATH=${CMAKE_PREFIX_PATH}:/home/capybariana/workspace/ros2_ws/install/ex03:/home/capybariana/workspace/install/ex10:/home/capybariana/workspace/install/ex02:/home/capybariana/workspace/ros2_ws/src/install/cleaning_robot:/opt/ros/humble /usr/bin/cmake /home/capybariana/workspace/ros2_ws/src/examples/rclcpp/services/async_client -DAMENT_CMAKE_SYMLINK_INSTALL=1 -DCMAKE_INSTALL_PREFIX=/home/capybariana/workspace/ros2_ws/install/examples_rclcpp_async_client
[1.172s] -- The C compiler identification is GNU 11.4.0
[1.974s] -- The CXX compiler identification is GNU 11.4.0
[2.515s] -- Detecting C compiler ABI info
[2.793s] -- Detecting C compiler ABI info - done
[2.807s] -- Check for working C compiler: /usr/bin/cc - skipped
[2.808s] -- Detecting C compile features
[2.808s] -- Detecting C compile features - done
[2.817s] -- Detecting CXX compiler ABI info
[3.126s] -- Detecting CXX compiler ABI info - done
[3.154s] -- Check for working CXX compiler: /usr/bin/c++ - skipped
[3.154s] -- Detecting CXX compile features
[3.154s] -- Detecting CXX compile features - done
[3.154s] -- Found ament_cmake: 1.3.12 (/opt/ros/humble/share/ament_cmake/cmake)
[4.032s] -- Found Python3: /usr/bin/python3 (found version "3.10.12") found components: Interpreter 
[4.223s] -- Override CMake install command with custom implementation using symlinks instead of copying resources
[4.256s] -- Found example_interfaces: 0.9.3 (/opt/ros/humble/share/example_interfaces/cmake)
[4.633s] -- Found rosidl_generator_c: 3.1.7 (/opt/ros/humble/share/rosidl_generator_c/cmake)
[4.638s] -- Found rosidl_adapter: 3.1.7 (/opt/ros/humble/share/rosidl_adapter/cmake)
[4.652s] -- Found rosidl_generator_cpp: 3.1.7 (/opt/ros/humble/share/rosidl_generator_cpp/cmake)
[4.671s] -- Using all available rosidl_typesupport_c: rosidl_typesupport_fastrtps_c;rosidl_typesupport_introspection_c
[4.700s] -- Using all available rosidl_typesupport_cpp: rosidl_typesupport_fastrtps_cpp;rosidl_typesupport_introspection_cpp
[4.813s] -- Found rclcpp: 16.0.15 (/opt/ros/humble/share/rclcpp/cmake)
[4.911s] -- Found rmw_implementation_cmake: 6.1.2 (/opt/ros/humble/share/rmw_implementation_cmake/cmake)
[4.917s] -- Found rmw_fastrtps_cpp: 6.2.9 (/opt/ros/humble/share/rmw_fastrtps_cpp/cmake)
