running egg_info
creating ../build/time_travel/time_travel.egg-info
writing ../build/time_travel/time_travel.egg-info/PKG-INFO
writing dependency_links to ../build/time_travel/time_travel.egg-info/dependency_links.txt
writing entry points to ../build/time_travel/time_travel.egg-info/entry_points.txt
writing requirements to ../build/time_travel/time_travel.egg-info/requires.txt
writing top-level names to ../build/time_travel/time_travel.egg-info/top_level.txt
writing manifest file '../build/time_travel/time_travel.egg-info/SOURCES.txt'
reading manifest file '../build/time_travel/time_travel.egg-info/SOURCES.txt'
writing manifest file '../build/time_travel/time_travel.egg-info/SOURCES.txt'
running build
running build_py
creating /home/capybariana/workspace/ros2_ws/build/time_travel/build/lib/time_travel
copying time_travel/turtle_tf2_listener.py -> /home/capybariana/workspace/ros2_ws/build/time_travel/build/lib/time_travel
copying time_travel/__init__.py -> /home/capybariana/workspace/ros2_ws/build/time_travel/build/lib/time_travel
copying time_travel/turtle_tf2_broadcaster.py -> /home/capybariana/workspace/ros2_ws/build/time_travel/build/lib/time_travel
running install
running install_lib
creating /home/capybariana/workspace/ros2_ws/install/time_travel/lib/python3.10/site-packages/time_travel
copying /home/capybariana/workspace/ros2_ws/build/time_travel/build/lib/time_travel/turtle_tf2_listener.py -> /home/capybariana/workspace/ros2_ws/install/time_travel/lib/python3.10/site-packages/time_travel
copying /home/capybariana/workspace/ros2_ws/build/time_travel/build/lib/time_travel/__init__.py -> /home/capybariana/workspace/ros2_ws/install/time_travel/lib/python3.10/site-packages/time_travel
copying /home/capybariana/workspace/ros2_ws/build/time_travel/build/lib/time_travel/turtle_tf2_broadcaster.py -> /home/capybariana/workspace/ros2_ws/install/time_travel/lib/python3.10/site-packages/time_travel
byte-compiling /home/capybariana/workspace/ros2_ws/install/time_travel/lib/python3.10/site-packages/time_travel/turtle_tf2_listener.py to turtle_tf2_listener.cpython-310.pyc
byte-compiling /home/capybariana/workspace/ros2_ws/install/time_travel/lib/python3.10/site-packages/time_travel/__init__.py to __init__.cpython-310.pyc
byte-compiling /home/capybariana/workspace/ros2_ws/install/time_travel/lib/python3.10/site-packages/time_travel/turtle_tf2_broadcaster.py to turtle_tf2_broadcaster.cpython-310.pyc
running install_data
creating /home/capybariana/workspace/ros2_ws/install/time_travel/share/ament_index/resource_index/packages
copying resource/time_travel -> /home/capybariana/workspace/ros2_ws/install/time_travel/share/ament_index/resource_index/packages
copying package.xml -> /home/capybariana/workspace/ros2_ws/install/time_travel/share/time_travel
running install_egg_info
Copying ../build/time_travel/time_travel.egg-info to /home/capybariana/workspace/ros2_ws/install/time_travel/lib/python3.10/site-packages/time_travel-0.0.0-py3.10.egg-info
running install_scripts
Installing turtle_tf2_broadcaster script to /home/capybariana/workspace/ros2_ws/install/time_travel/lib/time_travel
Installing turtle_tf2_listener script to /home/capybariana/workspace/ros2_ws/install/time_travel/lib/time_travel
writing list of installed files to '/home/capybariana/workspace/ros2_ws/build/time_travel/install.log'
