[1.089s] Invoking command in '/home/capybariana/workspace/ros2_ws/time_travel': PYTHONPATH=/home/capybariana/workspace/ros2_ws/build/time_travel/prefix_override:/usr/lib/python3/dist-packages/colcon_core/task/python/colcon_distutils_commands:/home/capybariana/workspace/ros2_ws/install/time_travel/lib/python3.10/site-packages:${PYTHONPATH} /usr/bin/python3 -W ignore:setup.py install is deprecated -W ignore:easy_install command is deprecated setup.py egg_info --egg-base ../build/time_travel build --build-base /home/capybariana/workspace/ros2_ws/build/time_travel/build install --record /home/capybariana/workspace/ros2_ws/build/time_travel/install.log --single-version-externally-managed install_data
[1.415s] running egg_info
[1.435s] creating ../build/time_travel/time_travel.egg-info
[1.436s] writing ../build/time_travel/time_travel.egg-info/PKG-INFO
[1.436s] writing dependency_links to ../build/time_travel/time_travel.egg-info/dependency_links.txt
[1.437s] writing entry points to ../build/time_travel/time_travel.egg-info/entry_points.txt
[1.438s] writing requirements to ../build/time_travel/time_travel.egg-info/requires.txt
[1.438s] writing top-level names to ../build/time_travel/time_travel.egg-info/top_level.txt
[1.438s] writing manifest file '../build/time_travel/time_travel.egg-info/SOURCES.txt'
[1.481s] reading manifest file '../build/time_travel/time_travel.egg-info/SOURCES.txt'
[1.483s] writing manifest file '../build/time_travel/time_travel.egg-info/SOURCES.txt'
[1.483s] running build
[1.484s] running build_py
[1.484s] creating /home/capybariana/workspace/ros2_ws/build/time_travel/build/lib/time_travel
[1.484s] copying time_travel/turtle_tf2_listener.py -> /home/capybariana/workspace/ros2_ws/build/time_travel/build/lib/time_travel
[1.485s] copying time_travel/__init__.py -> /home/capybariana/workspace/ros2_ws/build/time_travel/build/lib/time_travel
[1.485s] copying time_travel/turtle_tf2_broadcaster.py -> /home/capybariana/workspace/ros2_ws/build/time_travel/build/lib/time_travel
[1.486s] running install
[1.491s] running install_lib
[1.510s] creating /home/capybariana/workspace/ros2_ws/install/time_travel/lib/python3.10/site-packages/time_travel
[1.510s] copying /home/capybariana/workspace/ros2_ws/build/time_travel/build/lib/time_travel/turtle_tf2_listener.py -> /home/capybariana/workspace/ros2_ws/install/time_travel/lib/python3.10/site-packages/time_travel
[1.510s] copying /home/capybariana/workspace/ros2_ws/build/time_travel/build/lib/time_travel/__init__.py -> /home/capybariana/workspace/ros2_ws/install/time_travel/lib/python3.10/site-packages/time_travel
[1.511s] copying /home/capybariana/workspace/ros2_ws/build/time_travel/build/lib/time_travel/turtle_tf2_broadcaster.py -> /home/capybariana/workspace/ros2_ws/install/time_travel/lib/python3.10/site-packages/time_travel
[1.511s] byte-compiling /home/capybariana/workspace/ros2_ws/install/time_travel/lib/python3.10/site-packages/time_travel/turtle_tf2_listener.py to turtle_tf2_listener.cpython-310.pyc
[1.512s] byte-compiling /home/capybariana/workspace/ros2_ws/install/time_travel/lib/python3.10/site-packages/time_travel/__init__.py to __init__.cpython-310.pyc
[1.512s] byte-compiling /home/capybariana/workspace/ros2_ws/install/time_travel/lib/python3.10/site-packages/time_travel/turtle_tf2_broadcaster.py to turtle_tf2_broadcaster.cpython-310.pyc
[1.513s] running install_data
[1.513s] creating /home/capybariana/workspace/ros2_ws/install/time_travel/share/ament_index/resource_index/packages
[1.514s] copying resource/time_travel -> /home/capybariana/workspace/ros2_ws/install/time_travel/share/ament_index/resource_index/packages
[1.514s] copying package.xml -> /home/capybariana/workspace/ros2_ws/install/time_travel/share/time_travel
[1.514s] running install_egg_info
[1.536s] Copying ../build/time_travel/time_travel.egg-info to /home/capybariana/workspace/ros2_ws/install/time_travel/lib/python3.10/site-packages/time_travel-0.0.0-py3.10.egg-info
[1.537s] running install_scripts
[1.693s] Installing turtle_tf2_broadcaster script to /home/capybariana/workspace/ros2_ws/install/time_travel/lib/time_travel
[1.693s] Installing turtle_tf2_listener script to /home/capybariana/workspace/ros2_ws/install/time_travel/lib/time_travel
[1.694s] writing list of installed files to '/home/capybariana/workspace/ros2_ws/build/time_travel/install.log'
[1.726s] Invoked command in '/home/capybariana/workspace/ros2_ws/time_travel' returned '0': PYTHONPATH=/home/capybariana/workspace/ros2_ws/build/time_travel/prefix_override:/usr/lib/python3/dist-packages/colcon_core/task/python/colcon_distutils_commands:/home/capybariana/workspace/ros2_ws/install/time_travel/lib/python3.10/site-packages:${PYTHONPATH} /usr/bin/python3 -W ignore:setup.py install is deprecated -W ignore:easy_install command is deprecated setup.py egg_info --egg-base ../build/time_travel build --build-base /home/capybariana/workspace/ros2_ws/build/time_travel/build install --record /home/capybariana/workspace/ros2_ws/build/time_travel/install.log --single-version-externally-managed install_data
