running develop
running egg_info
creating ex02.egg-info
writing ex02.egg-info/PKG-INFO
writing dependency_links to ex02.egg-info/dependency_links.txt
writing entry points to ex02.egg-info/entry_points.txt
writing requirements to ex02.egg-info/requires.txt
writing top-level names to ex02.egg-info/top_level.txt
writing manifest file 'ex02.egg-info/SOURCES.txt'
reading manifest file 'ex02.egg-info/SOURCES.txt'
writing manifest file 'ex02.egg-info/SOURCES.txt'
running build_ext
Creating /home/capybariana/workspace/ros2_ws/install/ex02/lib/python3.10/site-packages/ex02.egg-link (link to .)
Installing carrot_broadcaster script to /home/capybariana/workspace/ros2_ws/install/ex02/lib/ex02
Installing turtle_tf2_broadcaster script to /home/capybariana/workspace/ros2_ws/install/ex02/lib/ex02
Installing turtle_tf2_listener script to /home/capybariana/workspace/ros2_ws/install/ex02/lib/ex02

Installed /home/capybariana/workspace/ros2_ws/build/ex02
running symlink_data
creating /home/capybariana/workspace/ros2_ws/install/ex02/share/ament_index/resource_index/packages
symbolically linking /home/capybariana/workspace/ros2_ws/build/ex02/resource/ex02 -> /home/capybariana/workspace/ros2_ws/install/ex02/share/ament_index/resource_index/packages
creating /home/capybariana/workspace/ros2_ws/install/ex02/share/ex02
symbolically linking /home/capybariana/workspace/ros2_ws/build/ex02/package.xml -> /home/capybariana/workspace/ros2_ws/install/ex02/share/ex02
creating /home/capybariana/workspace/ros2_ws/install/ex02/share/ex02/launch
symbolically linking /home/capybariana/workspace/ros2_ws/build/ex02/launch/turtle_tf2_demo.launch.py -> /home/capybariana/workspace/ros2_ws/install/ex02/share/ex02/launch
creating /home/capybariana/workspace/ros2_ws/install/ex02/share/ex02/rviz
symbolically linking /home/capybariana/workspace/ros2_ws/build/ex02/rviz/carrot.rviz -> /home/capybariana/workspace/ros2_ws/install/ex02/share/ex02/rviz
