[1.613s] Invoking command in '/home/capybariana/workspace/ros2_ws/build/ex02': PYTHONPATH=/home/capybariana/workspace/ros2_ws/build/ex02/prefix_override:/usr/lib/python3/dist-packages/colcon_core/task/python/colcon_distutils_commands:/home/capybariana/workspace/ros2_ws/install/ex02/lib/python3.10/site-packages:${PYTHONPATH} /usr/bin/python3 -W ignore:setup.py install is deprecated -W ignore:easy_install command is deprecated setup.py develop --editable --build-directory /home/capybariana/workspace/ros2_ws/build/ex02/build --no-deps symlink_data
[5.060s] running develop
[5.060s] running egg_info
[5.060s] creating ex02.egg-info
[5.060s] writing ex02.egg-info/PKG-INFO
[5.060s] writing dependency_links to ex02.egg-info/dependency_links.txt
[5.060s] writing entry points to ex02.egg-info/entry_points.txt
[5.060s] writing requirements to ex02.egg-info/requires.txt
[5.060s] writing top-level names to ex02.egg-info/top_level.txt
[5.061s] writing manifest file 'ex02.egg-info/SOURCES.txt'
[5.061s] reading manifest file 'ex02.egg-info/SOURCES.txt'
[5.061s] writing manifest file 'ex02.egg-info/SOURCES.txt'
[5.061s] running build_ext
[5.061s] Creating /home/capybariana/workspace/ros2_ws/install/ex02/lib/python3.10/site-packages/ex02.egg-link (link to .)
[5.061s] Installing carrot_broadcaster script to /home/capybariana/workspace/ros2_ws/install/ex02/lib/ex02
[5.061s] Installing turtle_tf2_broadcaster script to /home/capybariana/workspace/ros2_ws/install/ex02/lib/ex02
[5.061s] Installing turtle_tf2_listener script to /home/capybariana/workspace/ros2_ws/install/ex02/lib/ex02
[5.061s] 
[5.062s] Installed /home/capybariana/workspace/ros2_ws/build/ex02
[5.062s] running symlink_data
[5.062s] creating /home/capybariana/workspace/ros2_ws/install/ex02/share/ament_index/resource_index/packages
[5.062s] symbolically linking /home/capybariana/workspace/ros2_ws/build/ex02/resource/ex02 -> /home/capybariana/workspace/ros2_ws/install/ex02/share/ament_index/resource_index/packages
[5.062s] creating /home/capybariana/workspace/ros2_ws/install/ex02/share/ex02
[5.062s] symbolically linking /home/capybariana/workspace/ros2_ws/build/ex02/package.xml -> /home/capybariana/workspace/ros2_ws/install/ex02/share/ex02
[5.062s] creating /home/capybariana/workspace/ros2_ws/install/ex02/share/ex02/launch
[5.063s] symbolically linking /home/capybariana/workspace/ros2_ws/build/ex02/launch/turtle_tf2_demo.launch.py -> /home/capybariana/workspace/ros2_ws/install/ex02/share/ex02/launch
[5.063s] creating /home/capybariana/workspace/ros2_ws/install/ex02/share/ex02/rviz
[5.063s] symbolically linking /home/capybariana/workspace/ros2_ws/build/ex02/rviz/carrot.rviz -> /home/capybariana/workspace/ros2_ws/install/ex02/share/ex02/rviz
