[0.020s] Invoking command in '/home/capybariana/workspace/ros2_ws/src/build/cleaning_robot_msgs': CMAKE_PREFIX_PATH=${CMAKE_PREFIX_PATH}:/home/capybariana/workspace/ros2_ws/install/action_cleaning_robot:/opt/ros/humble /usr/bin/cmake /home/capybariana/workspace/ros2_ws/src/cleaning_robot_msgs -DAMENT_CMAKE_SYMLINK_INSTALL=1 -DCMAKE_INSTALL_PREFIX=/home/capybariana/workspace/ros2_ws/src/install/cleaning_robot_msgs
[0.290s] -- The C compiler identification is GNU 11.4.0
[0.958s] -- The CXX compiler identification is GNU 11.4.0
[1.481s] -- Detecting C compiler ABI info
[1.705s] -- Detecting C compiler ABI info - done
[1.725s] -- Check for working C compiler: /usr/bin/cc - skipped
[1.726s] -- Detecting C compile features
[1.728s] -- Detecting C compile features - done
[1.740s] -- Detecting CXX compiler ABI info
[1.975s] -- Detecting CXX compiler ABI info - done
[1.986s] -- Check for working CXX compiler: /usr/bin/c++ - skipped
[1.986s] -- Detecting CXX compile features
[1.986s] -- Detecting CXX compile features - done
[2.007s] -- Found ament_cmake: 1.3.12 (/opt/ros/humble/share/ament_cmake/cmake)
[2.508s] -- Found Python3: /usr/bin/python3 (found version "3.10.12") found components: Interpreter 
[2.656s] -- Override CMake install command with custom implementation using symlinks instead of copying resources
[2.710s] -- Found rosidl_default_generators: 1.2.0 (/opt/ros/humble/share/rosidl_default_generators/cmake)
[2.718s] -- Using all available rosidl_typesupport_c: rosidl_typesupport_fastrtps_c;rosidl_typesupport_introspection_c
[2.734s] -- Found rosidl_adapter: 3.1.7 (/opt/ros/humble/share/rosidl_adapter/cmake)
[2.947s] -- Using all available rosidl_typesupport_cpp: rosidl_typesupport_fastrtps_cpp;rosidl_typesupport_introspection_cpp
[3.320s] [31mCMake Error at /opt/ros/humble/share/rosidl_cmake/cmake/rosidl_generate_interfaces.cmake:229 (message):
[3.320s]   Packages installing interfaces must include
[3.320s]   '<member_of_group>rosidl_interface_packages</member_of_group>' in their
[3.320s]   package.xml
[3.320s] Call Stack (most recent call first):
[3.320s]   CMakeLists.txt:13 (rosidl_generate_interfaces)
[3.320s] 
[3.320s] [0m
[3.322s] -- Configuring incomplete, errors occurred!
[3.322s] See also "/home/capybariana/workspace/ros2_ws/src/build/cleaning_robot_msgs/CMakeFiles/CMakeOutput.log".
[3.329s] Invoked command in '/home/capybariana/workspace/ros2_ws/src/build/cleaning_robot_msgs' returned '1': CMAKE_PREFIX_PATH=${CMAKE_PREFIX_PATH}:/home/capybariana/workspace/ros2_ws/install/action_cleaning_robot:/opt/ros/humble /usr/bin/cmake /home/capybariana/workspace/ros2_ws/src/cleaning_robot_msgs -DAMENT_CMAKE_SYMLINK_INSTALL=1 -DCMAKE_INSTALL_PREFIX=/home/capybariana/workspace/ros2_ws/src/install/cleaning_robot_msgs
